Week 0: 2026-07-26 to 2026-08-01 Assignments: {} Max tracks: 0
Week 1: 2026-08-02 to 2026-08-08 Assignments: {"db-7":0} Max tracks: 1
Week 2: 2026-08-09 to 2026-08-15 Assignments: {"db-11":0,"db-12":0} Max tracks: 1
Week 3: 2026-08-16 to 2026-08-22 Assignments: {"pre-8":0,"db-8":0} Max tracks: 1
Week 4: 2026-08-23 to 2026-08-29 Assignments: {} Max tracks: 0
Week 5: 2026-08-30 to 2026-09-05 Assignments: {"pre-10":0} Max tracks: 1
Week 0: 2026-07-26 to 2026-08-01 Assignments: {} Max tracks: 0
Week 1: 2026-08-02 to 2026-08-08 Assignments: {"db-7":0} Max tracks: 1
Week 2: 2026-08-09 to 2026-08-15 Assignments: {"db-11":0,"db-12":0} Max tracks: 1
Week 3: 2026-08-16 to 2026-08-22 Assignments: {"pre-8":0,"db-8":0} Max tracks: 1
Week 4: 2026-08-23 to 2026-08-29 Assignments: {} Max tracks: 0
Week 5: 2026-08-30 to 2026-09-05 Assignments: {"pre-10":0} Max tracks: 1
Week 0: 2026-07-26 to 2026-08-01 Assignments: {} Max tracks: 0
Week 1: 2026-08-02 to 2026-08-08 Assignments: {"db-7":0} Max tracks: 1
Week 2: 2026-08-09 to 2026-08-15 Assignments: {"db-11":0,"db-12":0} Max tracks: 1
Week 3: 2026-08-16 to 2026-08-22 Assignments: {"pre-8":0,"db-8":0} Max tracks: 1
Week 4: 2026-08-23 to 2026-08-29 Assignments: {} Max tracks: 0
Week 5: 2026-08-30 to 2026-09-05 Assignments: {"pre-10":0} Max tracks: 1
Week 0: 2026-07-26 to 2026-08-01 Assignments: {} Max tracks: 0
Week 1: 2026-08-02 to 2026-08-08 Assignments: {"db-7":0} Max tracks: 1
Week 2: 2026-08-09 to 2026-08-15 Assignments: {"db-11":0,"db-12":0} Max tracks: 1
Week 3: 2026-08-16 to 2026-08-22 Assignments: {"pre-8":0,"db-8":0} Max tracks: 1
Week 4: 2026-08-23 to 2026-08-29 Assignments: {} Max tracks: 0
Week 5: 2026-08-30 to 2026-09-05 Assignments: {"pre-10":0} Max tracks: 1
Week 0: 2026-07-26 to 2026-08-01 Assignments: {} Max tracks: 0
Week 1: 2026-08-02 to 2026-08-08 Assignments: {"db-7":0} Max tracks: 1
Week 2: 2026-08-09 to 2026-08-15 Assignments: {"db-11":0,"db-12":0} Max tracks: 1
Week 3: 2026-08-16 to 2026-08-22 Assignments: {"pre-8":0,"db-8":0} Max tracks: 1
Week 4: 2026-08-23 to 2026-08-29 Assignments: {} Max tracks: 0
Week 5: 2026-08-30 to 2026-09-05 Assignments: {"pre-10":0} Max tracks: 1
Week 0: 2026-07-26 to 2026-08-01 Assignments: {} Max tracks: 0
Week 1: 2026-08-02 to 2026-08-08 Assignments: {"db-7":0} Max tracks: 1
Week 2: 2026-08-09 to 2026-08-15 Assignments: {"db-11":0,"db-12":0} Max tracks: 1
Week 3: 2026-08-16 to 2026-08-22 Assignments: {"pre-8":0,"db-8":0} Max tracks: 1
Week 4: 2026-08-23 to 2026-08-29 Assignments: {} Max tracks: 0
Week 5: 2026-08-30 to 2026-09-05 Assignments: {"pre-10":0} Max tracks: 1
Week 0: 2026-07-26 to 2026-08-01 Assignments: {} Max tracks: 0
Week 1: 2026-08-02 to 2026-08-08 Assignments: {"db-7":0} Max tracks: 1
Week 2: 2026-08-09 to 2026-08-15 Assignments: {"db-11":0,"db-12":0} Max tracks: 1
Week 3: 2026-08-16 to 2026-08-22 Assignments: {"pre-8":0,"db-8":0} Max tracks: 1
Week 4: 2026-08-23 to 2026-08-29 Assignments: {} Max tracks: 0
Week 5: 2026-08-30 to 2026-09-05 Assignments: {"pre-10":0} Max tracks: 1
Week 0: 2026-07-26 to 2026-08-01 Assignments: {} Max tracks: 0
Week 1: 2026-08-02 to 2026-08-08 Assignments: {"db-7":0} Max tracks: 1
Week 2: 2026-08-09 to 2026-08-15 Assignments: {"db-11":0,"db-12":0} Max tracks: 1
Week 3: 2026-08-16 to 2026-08-22 Assignments: {"pre-8":0,"db-8":0} Max tracks: 1
Week 4: 2026-08-23 to 2026-08-29 Assignments: {} Max tracks: 0
Week 5: 2026-08-30 to 2026-09-05 Assignments: {"pre-10":0} Max tracks: 1
Week 0: 2026-07-26 to 2026-08-01 Assignments: {} Max tracks: 0
Week 1: 2026-08-02 to 2026-08-08 Assignments: {"db-7":0} Max tracks: 1
Week 2: 2026-08-09 to 2026-08-15 Assignments: {"db-11":0,"db-12":0} Max tracks: 1
Week 3: 2026-08-16 to 2026-08-22 Assignments: {"pre-8":0,"db-8":0} Max tracks: 1
Week 4: 2026-08-23 to 2026-08-29 Assignments: {} Max tracks: 0
Week 5: 2026-08-30 to 2026-09-05 Assignments: {"pre-10":0} Max tracks: 1
Week 0: 2026-07-26 to 2026-08-01 Assignments: {} Max tracks: 0
Week 1: 2026-08-02 to 2026-08-08 Assignments: {"db-7":0} Max tracks: 1
Week 2: 2026-08-09 to 2026-08-15 Assignments: {"db-11":0,"db-12":0} Max tracks: 1
Week 3: 2026-08-16 to 2026-08-22 Assignments: {"pre-8":0,"db-8":0} Max tracks: 1
Week 4: 2026-08-23 to 2026-08-29 Assignments: {} Max tracks: 0
Week 5: 2026-08-30 to 2026-09-05 Assignments: {"pre-10":0} Max tracks: 1
Week 0: 2026-07-26 to 2026-08-01 Assignments: {} Max tracks: 0
Week 1: 2026-08-02 to 2026-08-08 Assignments: {"db-7":0} Max tracks: 1
Week 2: 2026-08-09 to 2026-08-15 Assignments: {"db-7":0} Max tracks: 1
Week 3: 2026-08-16 to 2026-08-22 Assignments: {"pre-8":0,"db-8":0} Max tracks: 1
Week 4: 2026-08-23 to 2026-08-29 Assignments: {} Max tracks: 0
Week 5: 2026-08-30 to 2026-09-05 Assignments: {"pre-10":0} Max tracks: 1
Week 0: 2026-07-26 to 2026-08-01 Assignments: {} Max tracks: 0
Week 1: 2026-08-02 to 2026-08-08 Assignments: {"db-7":0} Max tracks: 1
Week 2: 2026-08-09 to 2026-08-15 Assignments: {"db-7":0} Max tracks: 1
Week 3: 2026-08-16 to 2026-08-22 Assignments: {"pre-8":0,"db-8":0} Max tracks: 1
Week 4: 2026-08-23 to 2026-08-29 Assignments: {} Max tracks: 0
Week 5: 2026-08-30 to 2026-09-05 Assignments: {"pre-10":0} Max tracks: 1
Week 0: 2026-07-26 to 2026-08-01 Assignments: {} Max tracks: 0
Week 1: 2026-08-02 to 2026-08-08 Assignments: {"db-7":0} Max tracks: 1
Week 2: 2026-08-09 to 2026-08-15 Assignments: {"db-7":0} Max tracks: 1
Week 3: 2026-08-16 to 2026-08-22 Assignments: {"pre-8":0,"db-8":0} Max tracks: 1
Week 4: 2026-08-23 to 2026-08-29 Assignments: {} Max tracks: 0
Week 5: 2026-08-30 to 2026-09-05 Assignments: {"pre-10":0} Max tracks: 1
Week 0: 2026-07-26 to 2026-08-01 Assignments: {} Max tracks: 0
Week 1: 2026-08-02 to 2026-08-08 Assignments: {"db-7":0} Max tracks: 1
Week 2: 2026-08-09 to 2026-08-15 Assignments: {"db-7":0} Max tracks: 1
Week 3: 2026-08-16 to 2026-08-22 Assignments: {"pre-8":0,"db-8":0} Max tracks: 1
Week 4: 2026-08-23 to 2026-08-29 Assignments: {} Max tracks: 0
Week 5: 2026-08-30 to 2026-09-05 Assignments: {"pre-10":0} Max tracks: 1
Week 0: 2026-07-26 to 2026-08-01 Assignments: {} Max tracks: 0
Week 1: 2026-08-02 to 2026-08-08 Assignments: {"db-7":0} Max tracks: 1
Week 2: 2026-08-09 to 2026-08-15 Assignments: {"db-7":0,"pre-8":0} Max tracks: 1
Week 3: 2026-08-16 to 2026-08-22 Assignments: {} Max tracks: 0
Week 4: 2026-08-23 to 2026-08-29 Assignments: {"db-8":0} Max tracks: 1
Week 5: 2026-08-30 to 2026-09-05 Assignments: {"db-8":0} Max tracks: 1
Week 0: 2026-07-26 to 2026-08-01 Assignments: {} Max tracks: 0
Week 1: 2026-08-02 to 2026-08-08 Assignments: {"db-7":0} Max tracks: 1
Week 2: 2026-08-09 to 2026-08-15 Assignments: {"db-7":0,"pre-8":0} Max tracks: 1
Week 3: 2026-08-16 to 2026-08-22 Assignments: {} Max tracks: 0
Week 4: 2026-08-23 to 2026-08-29 Assignments: {"db-8":0} Max tracks: 1
Week 5: 2026-08-30 to 2026-09-05 Assignments: {"db-8":0} Max tracks: 1
Week 0: 2026-07-26 to 2026-08-01 Assignments: {} Max tracks: 0
Week 1: 2026-08-02 to 2026-08-08 Assignments: {"db-7":0} Max tracks: 1
Week 2: 2026-08-09 to 2026-08-15 Assignments: {"db-7":0,"pre-8":0} Max tracks: 1
Week 3: 2026-08-16 to 2026-08-22 Assignments: {} Max tracks: 0
Week 4: 2026-08-23 to 2026-08-29 Assignments: {"db-8":0} Max tracks: 1
Week 5: 2026-08-30 to 2026-09-05 Assignments: {"db-8":0} Max tracks: 1
Week 0: 2026-07-26 to 2026-08-01 Assignments: {} Max tracks: 0
Week 1: 2026-08-02 to 2026-08-08 Assignments: {"db-7":0} Max tracks: 1
Week 2: 2026-08-09 to 2026-08-15 Assignments: {"db-7":0,"pre-8":0} Max tracks: 1
Week 3: 2026-08-16 to 2026-08-22 Assignments: {} Max tracks: 0
Week 4: 2026-08-23 to 2026-08-29 Assignments: {"db-8":0} Max tracks: 1
Week 5: 2026-08-30 to 2026-09-05 Assignments: {"db-8":0} Max tracks: 1
Week 0: 2026-07-26 to 2026-08-01 Assignments: {} Max tracks: 0
Week 1: 2026-08-02 to 2026-08-08 Assignments: {"db-7":0} Max tracks: 1
Week 2: 2026-08-09 to 2026-08-15 Assignments: {"db-7":0,"pre-8":0} Max tracks: 1
Week 3: 2026-08-16 to 2026-08-22 Assignments: {} Max tracks: 0
Week 4: 2026-08-23 to 2026-08-29 Assignments: {"db-8":0} Max tracks: 1
Week 5: 2026-08-30 to 2026-09-05 Assignments: {"db-8":0} Max tracks: 1
Week 0: 2026-07-26 to 2026-08-01 Assignments: {} Max tracks: 0
Week 1: 2026-08-02 to 2026-08-08 Assignments: {"db-7":0} Max tracks: 1
Week 2: 2026-08-09 to 2026-08-15 Assignments: {"db-7":0,"pre-8":0} Max tracks: 1
Week 3: 2026-08-16 to 2026-08-22 Assignments: {} Max tracks: 0
Week 4: 2026-08-23 to 2026-08-29 Assignments: {"db-8":0} Max tracks: 1
Week 5: 2026-08-30 to 2026-09-05 Assignments: {"db-8":0} Max tracks: 1
Week 0: 2026-07-26 to 2026-08-01 Assignments: {} Max tracks: 0
Week 1: 2026-08-02 to 2026-08-08 Assignments: {"db-7":0} Max tracks: 1
Week 2: 2026-08-09 to 2026-08-15 Assignments: {"db-7":0,"pre-8":0} Max tracks: 1
Week 3: 2026-08-16 to 2026-08-22 Assignments: {} Max tracks: 0
Week 4: 2026-08-23 to 2026-08-29 Assignments: {"db-8":0} Max tracks: 1
Week 5: 2026-08-30 to 2026-09-05 Assignments: {"db-8":0} Max tracks: 1
Week 0: 2026-07-26 to 2026-08-01 Assignments: {} Max tracks: 0
Week 1: 2026-08-02 to 2026-08-08 Assignments: {"db-7":0} Max tracks: 1
Week 2: 2026-08-09 to 2026-08-15 Assignments: {"db-7":0,"pre-8":0} Max tracks: 1
Week 3: 2026-08-16 to 2026-08-22 Assignments: {} Max tracks: 0
Week 4: 2026-08-23 to 2026-08-29 Assignments: {"db-8":0} Max tracks: 1
Week 5: 2026-08-30 to 2026-09-05 Assignments: {"db-8":0} Max tracks: 1
Week 0: 2026-07-26 to 2026-08-01 Assignments: {} Max tracks: 0
Week 1: 2026-08-02 to 2026-08-08 Assignments: {"db-7":0} Max tracks: 1
Week 2: 2026-08-09 to 2026-08-15 Assignments: {"db-7":0,"pre-8":0} Max tracks: 1
Week 3: 2026-08-16 to 2026-08-22 Assignments: {} Max tracks: 0
Week 4: 2026-08-23 to 2026-08-29 Assignments: {"db-8":0} Max tracks: 1
Week 5: 2026-08-30 to 2026-09-05 Assignments: {"db-8":0} Max tracks: 1
Week 0: 2026-07-26 to 2026-08-01 Assignments: {} Max tracks: 0
Week 1: 2026-08-02 to 2026-08-08 Assignments: {"db-7":0} Max tracks: 1
Week 2: 2026-08-09 to 2026-08-15 Assignments: {"db-7":0,"pre-8":0} Max tracks: 1
Week 3: 2026-08-16 to 2026-08-22 Assignments: {} Max tracks: 0
Week 4: 2026-08-23 to 2026-08-29 Assignments: {"db-8":0} Max tracks: 1
Week 5: 2026-08-30 to 2026-09-05 Assignments: {"db-8":0} Max tracks: 1
Week 0: 2026-07-26 to 2026-08-01 Assignments: {} Max tracks: 0
Week 1: 2026-08-02 to 2026-08-08 Assignments: {"db-7":0} Max tracks: 1
Week 2: 2026-08-09 to 2026-08-15 Assignments: {"db-7":0,"pre-8":0} Max tracks: 1
Week 3: 2026-08-16 to 2026-08-22 Assignments: {} Max tracks: 0
Week 4: 2026-08-23 to 2026-08-29 Assignments: {"db-8":0} Max tracks: 1
Week 5: 2026-08-30 to 2026-09-05 Assignments: {"db-8":0} Max tracks: 1
Week 0: 2026-07-26 to 2026-08-01 Assignments: {} Max tracks: 0
Week 1: 2026-08-02 to 2026-08-08 Assignments: {"db-7":0} Max tracks: 1
Week 2: 2026-08-09 to 2026-08-15 Assignments: {"db-7":0,"pre-8":0} Max tracks: 1
Week 3: 2026-08-16 to 2026-08-22 Assignments: {} Max tracks: 0
Week 4: 2026-08-23 to 2026-08-29 Assignments: {"db-8":0} Max tracks: 1
Week 5: 2026-08-30 to 2026-09-05 Assignments: {"db-8":0} Max tracks: 1
Week 0: 2026-08-30 to 2026-09-05 Assignments: {"db-8":0} Max tracks: 1
Week 1: 2026-09-06 to 2026-09-12 Assignments: {} Max tracks: 0
Week 2: 2026-09-13 to 2026-09-19 Assignments: {} Max tracks: 0
Week 3: 2026-09-20 to 2026-09-26 Assignments: {} Max tracks: 0
Week 4: 2026-09-27 to 2026-10-03 Assignments: {} Max tracks: 0
Week 0: 2026-07-26 to 2026-08-01 Assignments: {} Max tracks: 0
Week 1: 2026-08-02 to 2026-08-08 Assignments: {"db-7":0} Max tracks: 1
Week 2: 2026-08-09 to 2026-08-15 Assignments: {"db-7":0} Max tracks: 1
Week 3: 2026-08-16 to 2026-08-22 Assignments: {} Max tracks: 0
Week 4: 2026-08-23 to 2026-08-29 Assignments: {"db-8":0} Max tracks: 1
Week 5: 2026-08-30 to 2026-09-05 Assignments: {"db-8":0} Max tracks: 1
Week 0: 2026-07-26 to 2026-08-01 Assignments: {} Max tracks: 0
Week 1: 2026-08-02 to 2026-08-08 Assignments: {"db-7":0} Max tracks: 1
Week 2: 2026-08-09 to 2026-08-15 Assignments: {"db-7":0} Max tracks: 1
Week 3: 2026-08-16 to 2026-08-22 Assignments: {} Max tracks: 0
Week 4: 2026-08-23 to 2026-08-29 Assignments: {"db-8":0} Max tracks: 1
Week 5: 2026-08-30 to 2026-09-05 Assignments: {"db-8":0} Max tracks: 1
