Week 0: 2026-07-26 to 2026-08-01 Assignments: {} Max tracks: 0
Week 1: 2026-08-02 to 2026-08-08 Assignments: {"db-7":0} Max tracks: 1
Week 2: 2026-08-09 to 2026-08-15 Assignments: {"db-11":0,"db-12":0} Max tracks: 1
Week 3: 2026-08-16 to 2026-08-22 Assignments: {"pre-8":0,"db-8":0} Max tracks: 1
Week 4: 2026-08-23 to 2026-08-29 Assignments: {} Max tracks: 0
Week 5: 2026-08-30 to 2026-09-05 Assignments: {"pre-10":0} Max tracks: 1
Week 0: 2026-07-26 to 2026-08-01 Assignments: {} Max tracks: 0
Week 1: 2026-08-02 to 2026-08-08 Assignments: {"db-7":0} Max tracks: 1
Week 2: 2026-08-09 to 2026-08-15 Assignments: {"db-11":0,"db-12":0} Max tracks: 1
Week 3: 2026-08-16 to 2026-08-22 Assignments: {"pre-8":0,"db-8":0} Max tracks: 1
Week 4: 2026-08-23 to 2026-08-29 Assignments: {} Max tracks: 0
Week 5: 2026-08-30 to 2026-09-05 Assignments: {"pre-10":0} Max tracks: 1
Week 0: 2026-07-26 to 2026-08-01 Assignments: {} Max tracks: 0
Week 1: 2026-08-02 to 2026-08-08 Assignments: {"db-7":0} Max tracks: 1
Week 2: 2026-08-09 to 2026-08-15 Assignments: {"db-11":0,"db-12":0} Max tracks: 1
Week 3: 2026-08-16 to 2026-08-22 Assignments: {"pre-8":0,"db-8":0} Max tracks: 1
Week 4: 2026-08-23 to 2026-08-29 Assignments: {} Max tracks: 0
Week 5: 2026-08-30 to 2026-09-05 Assignments: {"pre-10":0} Max tracks: 1
Week 0: 2026-07-26 to 2026-08-01 Assignments: {} Max tracks: 0
Week 1: 2026-08-02 to 2026-08-08 Assignments: {"db-7":0} Max tracks: 1
Week 2: 2026-08-09 to 2026-08-15 Assignments: {"db-11":0,"db-12":0} Max tracks: 1
Week 3: 2026-08-16 to 2026-08-22 Assignments: {"pre-8":0,"db-8":0} Max tracks: 1
Week 4: 2026-08-23 to 2026-08-29 Assignments: {} Max tracks: 0
Week 5: 2026-08-30 to 2026-09-05 Assignments: {"pre-10":0} Max tracks: 1
Week 0: 2026-07-26 to 2026-08-01 Assignments: {} Max tracks: 0
Week 1: 2026-08-02 to 2026-08-08 Assignments: {"db-7":0} Max tracks: 1
Week 2: 2026-08-09 to 2026-08-15 Assignments: {"db-11":0,"db-12":0} Max tracks: 1
Week 3: 2026-08-16 to 2026-08-22 Assignments: {"pre-8":0,"db-8":0} Max tracks: 1
Week 4: 2026-08-23 to 2026-08-29 Assignments: {} Max tracks: 0
Week 5: 2026-08-30 to 2026-09-05 Assignments: {"pre-10":0} Max tracks: 1
Week 0: 2026-07-26 to 2026-08-01 Assignments: {} Max tracks: 0
Week 1: 2026-08-02 to 2026-08-08 Assignments: {"db-7":0} Max tracks: 1
Week 2: 2026-08-09 to 2026-08-15 Assignments: {"db-11":0,"db-12":0} Max tracks: 1
Week 3: 2026-08-16 to 2026-08-22 Assignments: {"pre-8":0,"db-8":0} Max tracks: 1
Week 4: 2026-08-23 to 2026-08-29 Assignments: {} Max tracks: 0
Week 5: 2026-08-30 to 2026-09-05 Assignments: {"pre-10":0} Max tracks: 1
Week 0: 2026-07-26 to 2026-08-01 Assignments: {} Max tracks: 0
Week 1: 2026-08-02 to 2026-08-08 Assignments: {"db-7":0} Max tracks: 1
Week 2: 2026-08-09 to 2026-08-15 Assignments: {} Max tracks: 0
Week 3: 2026-08-16 to 2026-08-22 Assignments: {"pre-8":0,"db-8":0} Max tracks: 1
Week 4: 2026-08-23 to 2026-08-29 Assignments: {} Max tracks: 0
Week 5: 2026-08-30 to 2026-09-05 Assignments: {"pre-10":0} Max tracks: 1
Week 0: 2026-07-26 to 2026-08-01 Assignments: {} Max tracks: 0
Week 1: 2026-08-02 to 2026-08-08 Assignments: {"db-7":0} Max tracks: 1
Week 2: 2026-08-09 to 2026-08-15 Assignments: {} Max tracks: 0
Week 3: 2026-08-16 to 2026-08-22 Assignments: {"pre-8":0,"db-8":0} Max tracks: 1
Week 4: 2026-08-23 to 2026-08-29 Assignments: {} Max tracks: 0
Week 5: 2026-08-30 to 2026-09-05 Assignments: {"pre-10":0} Max tracks: 1
Week 0: 2026-07-26 to 2026-08-01 Assignments: {} Max tracks: 0
Week 1: 2026-08-02 to 2026-08-08 Assignments: {"db-7":0} Max tracks: 1
Week 2: 2026-08-09 to 2026-08-15 Assignments: {} Max tracks: 0
Week 3: 2026-08-16 to 2026-08-22 Assignments: {"pre-8":0,"db-8":0} Max tracks: 1
Week 4: 2026-08-23 to 2026-08-29 Assignments: {} Max tracks: 0
Week 5: 2026-08-30 to 2026-09-05 Assignments: {"pre-10":0} Max tracks: 1
Week 0: 2026-07-26 to 2026-08-01 Assignments: {} Max tracks: 0
Week 1: 2026-08-02 to 2026-08-08 Assignments: {"db-7":0} Max tracks: 1
Week 2: 2026-08-09 to 2026-08-15 Assignments: {"db-7":0} Max tracks: 1
Week 3: 2026-08-16 to 2026-08-22 Assignments: {"pre-8":0,"db-8":0} Max tracks: 1
Week 4: 2026-08-23 to 2026-08-29 Assignments: {} Max tracks: 0
Week 5: 2026-08-30 to 2026-09-05 Assignments: {"pre-10":0} Max tracks: 1
Week 0: 2026-07-26 to 2026-08-01 Assignments: {} Max tracks: 0
Week 1: 2026-08-02 to 2026-08-08 Assignments: {"db-7":0} Max tracks: 1
Week 2: 2026-08-09 to 2026-08-15 Assignments: {"db-7":0} Max tracks: 1
Week 3: 2026-08-16 to 2026-08-22 Assignments: {"pre-8":0,"db-8":0} Max tracks: 1
Week 4: 2026-08-23 to 2026-08-29 Assignments: {} Max tracks: 0
Week 5: 2026-08-30 to 2026-09-05 Assignments: {"pre-10":0} Max tracks: 1
Week 0: 2026-07-26 to 2026-08-01 Assignments: {} Max tracks: 0
Week 1: 2026-08-02 to 2026-08-08 Assignments: {"db-7":0} Max tracks: 1
Week 2: 2026-08-09 to 2026-08-15 Assignments: {"db-7":0} Max tracks: 1
Week 3: 2026-08-16 to 2026-08-22 Assignments: {"pre-8":0,"db-8":0} Max tracks: 1
Week 4: 2026-08-23 to 2026-08-29 Assignments: {} Max tracks: 0
Week 5: 2026-08-30 to 2026-09-05 Assignments: {"pre-10":0} Max tracks: 1
Week 0: 2026-07-26 to 2026-08-01 Assignments: {} Max tracks: 0
Week 1: 2026-08-02 to 2026-08-08 Assignments: {"db-7":0} Max tracks: 1
Week 2: 2026-08-09 to 2026-08-15 Assignments: {"db-7":0} Max tracks: 1
Week 3: 2026-08-16 to 2026-08-22 Assignments: {"pre-8":0,"db-8":0} Max tracks: 1
Week 4: 2026-08-23 to 2026-08-29 Assignments: {} Max tracks: 0
Week 5: 2026-08-30 to 2026-09-05 Assignments: {"pre-10":0} Max tracks: 1
Week 0: 2026-07-26 to 2026-08-01 Assignments: {} Max tracks: 0
Week 1: 2026-08-02 to 2026-08-08 Assignments: {"db-7":0} Max tracks: 1
Week 2: 2026-08-09 to 2026-08-15 Assignments: {"db-7":0} Max tracks: 1
Week 3: 2026-08-16 to 2026-08-22 Assignments: {"pre-8":0,"db-8":0} Max tracks: 1
Week 4: 2026-08-23 to 2026-08-29 Assignments: {} Max tracks: 0
Week 5: 2026-08-30 to 2026-09-05 Assignments: {"pre-10":0} Max tracks: 1
Week 0: 2026-07-26 to 2026-08-01 Assignments: {} Max tracks: 0
Week 1: 2026-08-02 to 2026-08-08 Assignments: {"db-7":0} Max tracks: 1
Week 2: 2026-08-09 to 2026-08-15 Assignments: {"db-7":0} Max tracks: 1
Week 3: 2026-08-16 to 2026-08-22 Assignments: {"pre-8":0,"db-8":0} Max tracks: 1
Week 4: 2026-08-23 to 2026-08-29 Assignments: {} Max tracks: 0
Week 5: 2026-08-30 to 2026-09-05 Assignments: {"pre-10":0} Max tracks: 1
Week 0: 2026-07-26 to 2026-08-01 Assignments: {} Max tracks: 0
Week 1: 2026-08-02 to 2026-08-08 Assignments: {"db-7":0} Max tracks: 1
Week 2: 2026-08-09 to 2026-08-15 Assignments: {"db-7":0} Max tracks: 1
Week 3: 2026-08-16 to 2026-08-22 Assignments: {"pre-8":0,"db-8":0} Max tracks: 1
Week 4: 2026-08-23 to 2026-08-29 Assignments: {} Max tracks: 0
Week 5: 2026-08-30 to 2026-09-05 Assignments: {"pre-10":0} Max tracks: 1
Week 0: 2026-07-26 to 2026-08-01 Assignments: {} Max tracks: 0
Week 1: 2026-08-02 to 2026-08-08 Assignments: {"db-7":0} Max tracks: 1
Week 2: 2026-08-09 to 2026-08-15 Assignments: {"db-7":0} Max tracks: 1
Week 3: 2026-08-16 to 2026-08-22 Assignments: {"pre-8":0,"db-8":0} Max tracks: 1
Week 4: 2026-08-23 to 2026-08-29 Assignments: {} Max tracks: 0
Week 5: 2026-08-30 to 2026-09-05 Assignments: {"pre-10":0} Max tracks: 1
Week 0: 2026-07-26 to 2026-08-01 Assignments: {} Max tracks: 0
Week 1: 2026-08-02 to 2026-08-08 Assignments: {"db-7":0} Max tracks: 1
Week 2: 2026-08-09 to 2026-08-15 Assignments: {"db-7":0} Max tracks: 1
Week 3: 2026-08-16 to 2026-08-22 Assignments: {"pre-8":0,"db-8":0} Max tracks: 1
Week 4: 2026-08-23 to 2026-08-29 Assignments: {} Max tracks: 0
Week 5: 2026-08-30 to 2026-09-05 Assignments: {"pre-10":0} Max tracks: 1
Week 0: 2026-07-26 to 2026-08-01 Assignments: {} Max tracks: 0
Week 1: 2026-08-02 to 2026-08-08 Assignments: {"db-7":0} Max tracks: 1
Week 2: 2026-08-09 to 2026-08-15 Assignments: {"db-7":0} Max tracks: 1
Week 3: 2026-08-16 to 2026-08-22 Assignments: {"pre-8":0,"db-8":0} Max tracks: 1
Week 4: 2026-08-23 to 2026-08-29 Assignments: {} Max tracks: 0
Week 5: 2026-08-30 to 2026-09-05 Assignments: {"pre-10":0} Max tracks: 1
Week 0: 2026-07-26 to 2026-08-01 Assignments: {} Max tracks: 0
Week 1: 2026-08-02 to 2026-08-08 Assignments: {"db-7":0} Max tracks: 1
Week 2: 2026-08-09 to 2026-08-15 Assignments: {"db-7":0} Max tracks: 1
Week 3: 2026-08-16 to 2026-08-22 Assignments: {"pre-8":0,"db-8":0} Max tracks: 1
Week 4: 2026-08-23 to 2026-08-29 Assignments: {} Max tracks: 0
Week 5: 2026-08-30 to 2026-09-05 Assignments: {"pre-10":0} Max tracks: 1
Week 0: 2026-07-26 to 2026-08-01 Assignments: {} Max tracks: 0
Week 1: 2026-08-02 to 2026-08-08 Assignments: {"db-7":0} Max tracks: 1
Week 2: 2026-08-09 to 2026-08-15 Assignments: {"db-7":0} Max tracks: 1
Week 3: 2026-08-16 to 2026-08-22 Assignments: {"pre-8":0,"db-8":0} Max tracks: 1
Week 4: 2026-08-23 to 2026-08-29 Assignments: {} Max tracks: 0
Week 5: 2026-08-30 to 2026-09-05 Assignments: {"pre-10":0} Max tracks: 1
Week 0: 2026-07-26 to 2026-08-01 Assignments: {} Max tracks: 0
Week 1: 2026-08-02 to 2026-08-08 Assignments: {"db-7":0} Max tracks: 1
Week 2: 2026-08-09 to 2026-08-15 Assignments: {"db-7":0} Max tracks: 1
Week 3: 2026-08-16 to 2026-08-22 Assignments: {"pre-8":0,"db-8":0} Max tracks: 1
Week 4: 2026-08-23 to 2026-08-29 Assignments: {} Max tracks: 0
Week 5: 2026-08-30 to 2026-09-05 Assignments: {"pre-10":0} Max tracks: 1
Week 0: 2026-07-26 to 2026-08-01 Assignments: {} Max tracks: 0
Week 1: 2026-08-02 to 2026-08-08 Assignments: {"db-7":0} Max tracks: 1
Week 2: 2026-08-09 to 2026-08-15 Assignments: {"db-7":0} Max tracks: 1
Week 3: 2026-08-16 to 2026-08-22 Assignments: {"pre-8":0,"db-8":0} Max tracks: 1
Week 4: 2026-08-23 to 2026-08-29 Assignments: {} Max tracks: 0
Week 5: 2026-08-30 to 2026-09-05 Assignments: {"pre-10":0} Max tracks: 1
Week 0: 2026-07-26 to 2026-08-01 Assignments: {} Max tracks: 0
Week 1: 2026-08-02 to 2026-08-08 Assignments: {"db-7":0} Max tracks: 1
Week 2: 2026-08-09 to 2026-08-15 Assignments: {"db-7":0} Max tracks: 1
Week 3: 2026-08-16 to 2026-08-22 Assignments: {"pre-8":0,"db-8":0} Max tracks: 1
Week 4: 2026-08-23 to 2026-08-29 Assignments: {} Max tracks: 0
Week 5: 2026-08-30 to 2026-09-05 Assignments: {"pre-10":0} Max tracks: 1
Week 0: 2026-07-26 to 2026-08-01 Assignments: {} Max tracks: 0
Week 1: 2026-08-02 to 2026-08-08 Assignments: {"db-7":0} Max tracks: 1
Week 2: 2026-08-09 to 2026-08-15 Assignments: {"db-7":0} Max tracks: 1
Week 3: 2026-08-16 to 2026-08-22 Assignments: {"pre-8":0,"db-8":0} Max tracks: 1
Week 4: 2026-08-23 to 2026-08-29 Assignments: {} Max tracks: 0
Week 5: 2026-08-30 to 2026-09-05 Assignments: {"pre-10":0} Max tracks: 1
Week 0: 2026-07-26 to 2026-08-01 Assignments: {} Max tracks: 0
Week 1: 2026-08-02 to 2026-08-08 Assignments: {"db-7":0} Max tracks: 1
Week 2: 2026-08-09 to 2026-08-15 Assignments: {"db-7":0} Max tracks: 1
Week 3: 2026-08-16 to 2026-08-22 Assignments: {"pre-8":0,"db-8":0} Max tracks: 1
Week 4: 2026-08-23 to 2026-08-29 Assignments: {} Max tracks: 0
Week 5: 2026-08-30 to 2026-09-05 Assignments: {"pre-10":0} Max tracks: 1
Week 0: 2026-07-26 to 2026-08-01 Assignments: {} Max tracks: 0
Week 1: 2026-08-02 to 2026-08-08 Assignments: {"db-7":0} Max tracks: 1
Week 2: 2026-08-09 to 2026-08-15 Assignments: {"db-7":0} Max tracks: 1
Week 3: 2026-08-16 to 2026-08-22 Assignments: {"pre-8":0,"db-8":0} Max tracks: 1
Week 4: 2026-08-23 to 2026-08-29 Assignments: {} Max tracks: 0
Week 5: 2026-08-30 to 2026-09-05 Assignments: {"pre-10":0} Max tracks: 1
Week 0: 2026-07-26 to 2026-08-01 Assignments: {} Max tracks: 0
Week 1: 2026-08-02 to 2026-08-08 Assignments: {"db-7":0} Max tracks: 1
Week 2: 2026-08-09 to 2026-08-15 Assignments: {"db-7":0} Max tracks: 1
Week 3: 2026-08-16 to 2026-08-22 Assignments: {"pre-8":0,"db-8":0} Max tracks: 1
Week 4: 2026-08-23 to 2026-08-29 Assignments: {} Max tracks: 0
Week 5: 2026-08-30 to 2026-09-05 Assignments: {"pre-10":0} Max tracks: 1
Week 0: 2026-07-26 to 2026-08-01 Assignments: {} Max tracks: 0
Week 1: 2026-08-02 to 2026-08-08 Assignments: {"db-7":0} Max tracks: 1
Week 2: 2026-08-09 to 2026-08-15 Assignments: {"db-7":0} Max tracks: 1
Week 3: 2026-08-16 to 2026-08-22 Assignments: {"pre-8":0,"db-8":0} Max tracks: 1
Week 4: 2026-08-23 to 2026-08-29 Assignments: {} Max tracks: 0
Week 5: 2026-08-30 to 2026-09-05 Assignments: {"pre-10":0} Max tracks: 1
Week 0: 2026-07-26 to 2026-08-01 Assignments: {} Max tracks: 0
Week 1: 2026-08-02 to 2026-08-08 Assignments: {"db-7":0} Max tracks: 1
Week 2: 2026-08-09 to 2026-08-15 Assignments: {"db-7":0} Max tracks: 1
Week 3: 2026-08-16 to 2026-08-22 Assignments: {"pre-8":0,"db-8":0} Max tracks: 1
Week 4: 2026-08-23 to 2026-08-29 Assignments: {} Max tracks: 0
Week 5: 2026-08-30 to 2026-09-05 Assignments: {"pre-10":0} Max tracks: 1
Week 0: 2026-07-26 to 2026-08-01 Assignments: {} Max tracks: 0
Week 1: 2026-08-02 to 2026-08-08 Assignments: {"db-7":0} Max tracks: 1
Week 2: 2026-08-09 to 2026-08-15 Assignments: {"db-7":0} Max tracks: 1
Week 3: 2026-08-16 to 2026-08-22 Assignments: {"pre-8":0,"db-8":0} Max tracks: 1
Week 4: 2026-08-23 to 2026-08-29 Assignments: {} Max tracks: 0
Week 5: 2026-08-30 to 2026-09-05 Assignments: {"pre-10":0} Max tracks: 1
Week 0: 2026-07-26 to 2026-08-01 Assignments: {} Max tracks: 0
Week 1: 2026-08-02 to 2026-08-08 Assignments: {"db-7":0} Max tracks: 1
Week 2: 2026-08-09 to 2026-08-15 Assignments: {"db-7":0} Max tracks: 1
Week 3: 2026-08-16 to 2026-08-22 Assignments: {"pre-8":0,"db-8":0} Max tracks: 1
Week 4: 2026-08-23 to 2026-08-29 Assignments: {} Max tracks: 0
Week 5: 2026-08-30 to 2026-09-05 Assignments: {"pre-10":0} Max tracks: 1
Week 0: 2026-07-26 to 2026-08-01 Assignments: {} Max tracks: 0
Week 1: 2026-08-02 to 2026-08-08 Assignments: {"db-7":0} Max tracks: 1
Week 2: 2026-08-09 to 2026-08-15 Assignments: {"db-7":0} Max tracks: 1
Week 3: 2026-08-16 to 2026-08-22 Assignments: {"pre-8":0,"db-8":0} Max tracks: 1
Week 4: 2026-08-23 to 2026-08-29 Assignments: {} Max tracks: 0
Week 5: 2026-08-30 to 2026-09-05 Assignments: {"pre-10":0} Max tracks: 1
Week 0: 2026-07-26 to 2026-08-01 Assignments: {} Max tracks: 0
Week 1: 2026-08-02 to 2026-08-08 Assignments: {"db-7":0} Max tracks: 1
Week 2: 2026-08-09 to 2026-08-15 Assignments: {"db-7":0} Max tracks: 1
Week 3: 2026-08-16 to 2026-08-22 Assignments: {"pre-8":0,"db-8":0} Max tracks: 1
Week 4: 2026-08-23 to 2026-08-29 Assignments: {} Max tracks: 0
Week 5: 2026-08-30 to 2026-09-05 Assignments: {"pre-10":0} Max tracks: 1
Week 0: 2026-07-26 to 2026-08-01 Assignments: {} Max tracks: 0
Week 1: 2026-08-02 to 2026-08-08 Assignments: {"db-7":0} Max tracks: 1
Week 2: 2026-08-09 to 2026-08-15 Assignments: {"db-7":0} Max tracks: 1
Week 3: 2026-08-16 to 2026-08-22 Assignments: {"pre-8":0,"db-8":0} Max tracks: 1
Week 4: 2026-08-23 to 2026-08-29 Assignments: {} Max tracks: 0
Week 5: 2026-08-30 to 2026-09-05 Assignments: {"pre-10":0} Max tracks: 1
Week 0: 2026-07-26 to 2026-08-01 Assignments: {} Max tracks: 0
Week 1: 2026-08-02 to 2026-08-08 Assignments: {"db-7":0} Max tracks: 1
Week 2: 2026-08-09 to 2026-08-15 Assignments: {"db-7":0} Max tracks: 1
Week 3: 2026-08-16 to 2026-08-22 Assignments: {"pre-8":0,"db-8":0} Max tracks: 1
Week 4: 2026-08-23 to 2026-08-29 Assignments: {} Max tracks: 0
Week 5: 2026-08-30 to 2026-09-05 Assignments: {"pre-10":0} Max tracks: 1
Week 0: 2026-07-26 to 2026-08-01 Assignments: {} Max tracks: 0
Week 1: 2026-08-02 to 2026-08-08 Assignments: {"db-7":0} Max tracks: 1
Week 2: 2026-08-09 to 2026-08-15 Assignments: {"db-7":0} Max tracks: 1
Week 3: 2026-08-16 to 2026-08-22 Assignments: {"pre-8":0,"db-8":0} Max tracks: 1
Week 4: 2026-08-23 to 2026-08-29 Assignments: {} Max tracks: 0
Week 5: 2026-08-30 to 2026-09-05 Assignments: {"pre-10":0} Max tracks: 1
Week 0: 2026-07-26 to 2026-08-01 Assignments: {} Max tracks: 0
Week 1: 2026-08-02 to 2026-08-08 Assignments: {"db-7":0} Max tracks: 1
Week 2: 2026-08-09 to 2026-08-15 Assignments: {"db-7":0} Max tracks: 1
Week 3: 2026-08-16 to 2026-08-22 Assignments: {"pre-8":0,"db-8":0} Max tracks: 1
Week 4: 2026-08-23 to 2026-08-29 Assignments: {} Max tracks: 0
Week 5: 2026-08-30 to 2026-09-05 Assignments: {"pre-10":0} Max tracks: 1
Week 0: 2026-07-26 to 2026-08-01 Assignments: {} Max tracks: 0
Week 1: 2026-08-02 to 2026-08-08 Assignments: {"db-7":0} Max tracks: 1
Week 2: 2026-08-09 to 2026-08-15 Assignments: {"db-7":0} Max tracks: 1
Week 3: 2026-08-16 to 2026-08-22 Assignments: {"pre-8":0,"db-8":0} Max tracks: 1
Week 4: 2026-08-23 to 2026-08-29 Assignments: {} Max tracks: 0
Week 5: 2026-08-30 to 2026-09-05 Assignments: {"pre-10":0} Max tracks: 1
Week 0: 2026-07-26 to 2026-08-01 Assignments: {} Max tracks: 0
Week 1: 2026-08-02 to 2026-08-08 Assignments: {"db-7":0} Max tracks: 1
Week 2: 2026-08-09 to 2026-08-15 Assignments: {"db-7":0} Max tracks: 1
Week 3: 2026-08-16 to 2026-08-22 Assignments: {"pre-8":0,"db-8":0} Max tracks: 1
Week 4: 2026-08-23 to 2026-08-29 Assignments: {} Max tracks: 0
Week 5: 2026-08-30 to 2026-09-05 Assignments: {"pre-10":0} Max tracks: 1
Week 0: 2026-07-26 to 2026-08-01 Assignments: {} Max tracks: 0
Week 1: 2026-08-02 to 2026-08-08 Assignments: {"db-7":0} Max tracks: 1
Week 2: 2026-08-09 to 2026-08-15 Assignments: {"db-7":0} Max tracks: 1
Week 3: 2026-08-16 to 2026-08-22 Assignments: {"pre-8":0,"db-8":0} Max tracks: 1
Week 4: 2026-08-23 to 2026-08-29 Assignments: {} Max tracks: 0
Week 5: 2026-08-30 to 2026-09-05 Assignments: {"pre-10":0} Max tracks: 1
Week 0: 2026-07-26 to 2026-08-01 Assignments: {} Max tracks: 0
Week 1: 2026-08-02 to 2026-08-08 Assignments: {"db-7":0} Max tracks: 1
Week 2: 2026-08-09 to 2026-08-15 Assignments: {"db-7":0} Max tracks: 1
Week 3: 2026-08-16 to 2026-08-22 Assignments: {"pre-8":0,"db-8":0} Max tracks: 1
Week 4: 2026-08-23 to 2026-08-29 Assignments: {} Max tracks: 0
Week 5: 2026-08-30 to 2026-09-05 Assignments: {"pre-10":0} Max tracks: 1
Week 0: 2026-07-26 to 2026-08-01 Assignments: {} Max tracks: 0
Week 1: 2026-08-02 to 2026-08-08 Assignments: {"db-7":0} Max tracks: 1
Week 2: 2026-08-09 to 2026-08-15 Assignments: {"db-7":0} Max tracks: 1
Week 3: 2026-08-16 to 2026-08-22 Assignments: {"pre-8":0,"db-8":0} Max tracks: 1
Week 4: 2026-08-23 to 2026-08-29 Assignments: {} Max tracks: 0
Week 5: 2026-08-30 to 2026-09-05 Assignments: {"pre-10":0} Max tracks: 1
Week 0: 2026-07-26 to 2026-08-01 Assignments: {} Max tracks: 0
Week 1: 2026-08-02 to 2026-08-08 Assignments: {"db-7":0} Max tracks: 1
Week 2: 2026-08-09 to 2026-08-15 Assignments: {"db-7":0} Max tracks: 1
Week 3: 2026-08-16 to 2026-08-22 Assignments: {"pre-8":0,"db-8":0} Max tracks: 1
Week 4: 2026-08-23 to 2026-08-29 Assignments: {} Max tracks: 0
Week 5: 2026-08-30 to 2026-09-05 Assignments: {"pre-10":0} Max tracks: 1
Week 0: 2026-07-26 to 2026-08-01 Assignments: {} Max tracks: 0
Week 1: 2026-08-02 to 2026-08-08 Assignments: {"db-7":0} Max tracks: 1
Week 2: 2026-08-09 to 2026-08-15 Assignments: {"db-7":0} Max tracks: 1
Week 3: 2026-08-16 to 2026-08-22 Assignments: {"pre-8":0,"db-8":0} Max tracks: 1
Week 4: 2026-08-23 to 2026-08-29 Assignments: {} Max tracks: 0
Week 5: 2026-08-30 to 2026-09-05 Assignments: {"pre-10":0} Max tracks: 1
Week 0: 2026-07-26 to 2026-08-01 Assignments: {} Max tracks: 0
Week 1: 2026-08-02 to 2026-08-08 Assignments: {"db-7":0} Max tracks: 1
Week 2: 2026-08-09 to 2026-08-15 Assignments: {"db-7":0} Max tracks: 1
Week 3: 2026-08-16 to 2026-08-22 Assignments: {"pre-8":0,"db-8":0} Max tracks: 1
Week 4: 2026-08-23 to 2026-08-29 Assignments: {} Max tracks: 0
Week 5: 2026-08-30 to 2026-09-05 Assignments: {"pre-10":0} Max tracks: 1
Week 0: 2026-07-26 to 2026-08-01 Assignments: {} Max tracks: 0
Week 1: 2026-08-02 to 2026-08-08 Assignments: {"db-7":0} Max tracks: 1
Week 2: 2026-08-09 to 2026-08-15 Assignments: {"db-7":0} Max tracks: 1
Week 3: 2026-08-16 to 2026-08-22 Assignments: {"pre-8":0,"db-8":0} Max tracks: 1
Week 4: 2026-08-23 to 2026-08-29 Assignments: {} Max tracks: 0
Week 5: 2026-08-30 to 2026-09-05 Assignments: {"pre-10":0} Max tracks: 1
Week 0: 2026-07-26 to 2026-08-01 Assignments: {} Max tracks: 0
Week 1: 2026-08-02 to 2026-08-08 Assignments: {"db-7":0} Max tracks: 1
Week 2: 2026-08-09 to 2026-08-15 Assignments: {"db-7":0} Max tracks: 1
Week 3: 2026-08-16 to 2026-08-22 Assignments: {"pre-8":0,"db-8":0} Max tracks: 1
Week 4: 2026-08-23 to 2026-08-29 Assignments: {} Max tracks: 0
Week 5: 2026-08-30 to 2026-09-05 Assignments: {"pre-10":0} Max tracks: 1
Week 0: 2026-07-26 to 2026-08-01 Assignments: {} Max tracks: 0
Week 1: 2026-08-02 to 2026-08-08 Assignments: {"db-7":0} Max tracks: 1
Week 2: 2026-08-09 to 2026-08-15 Assignments: {"db-7":0} Max tracks: 1
Week 3: 2026-08-16 to 2026-08-22 Assignments: {"pre-8":0,"db-8":0} Max tracks: 1
Week 4: 2026-08-23 to 2026-08-29 Assignments: {} Max tracks: 0
Week 5: 2026-08-30 to 2026-09-05 Assignments: {"pre-10":0} Max tracks: 1
Week 0: 2026-07-26 to 2026-08-01 Assignments: {} Max tracks: 0
Week 1: 2026-08-02 to 2026-08-08 Assignments: {"db-7":0} Max tracks: 1
Week 2: 2026-08-09 to 2026-08-15 Assignments: {"db-7":0} Max tracks: 1
Week 3: 2026-08-16 to 2026-08-22 Assignments: {"pre-8":0,"db-8":0} Max tracks: 1
Week 4: 2026-08-23 to 2026-08-29 Assignments: {} Max tracks: 0
Week 5: 2026-08-30 to 2026-09-05 Assignments: {"pre-10":0} Max tracks: 1
Week 0: 2026-07-26 to 2026-08-01 Assignments: {} Max tracks: 0
Week 1: 2026-08-02 to 2026-08-08 Assignments: {"db-7":0} Max tracks: 1
Week 2: 2026-08-09 to 2026-08-15 Assignments: {"db-7":0} Max tracks: 1
Week 3: 2026-08-16 to 2026-08-22 Assignments: {"pre-8":0,"db-8":0} Max tracks: 1
Week 4: 2026-08-23 to 2026-08-29 Assignments: {} Max tracks: 0
Week 5: 2026-08-30 to 2026-09-05 Assignments: {"pre-10":0} Max tracks: 1
Week 0: 2026-07-26 to 2026-08-01 Assignments: {} Max tracks: 0
Week 1: 2026-08-02 to 2026-08-08 Assignments: {"db-7":0} Max tracks: 1
Week 2: 2026-08-09 to 2026-08-15 Assignments: {"db-7":0} Max tracks: 1
Week 3: 2026-08-16 to 2026-08-22 Assignments: {"pre-8":0,"db-8":0} Max tracks: 1
Week 4: 2026-08-23 to 2026-08-29 Assignments: {} Max tracks: 0
Week 5: 2026-08-30 to 2026-09-05 Assignments: {"pre-10":0} Max tracks: 1
Week 0: 2026-07-26 to 2026-08-01 Assignments: {} Max tracks: 0
Week 1: 2026-08-02 to 2026-08-08 Assignments: {"db-7":0} Max tracks: 1
Week 2: 2026-08-09 to 2026-08-15 Assignments: {"db-7":0} Max tracks: 1
Week 3: 2026-08-16 to 2026-08-22 Assignments: {"pre-8":0,"db-8":0} Max tracks: 1
Week 4: 2026-08-23 to 2026-08-29 Assignments: {} Max tracks: 0
Week 5: 2026-08-30 to 2026-09-05 Assignments: {"pre-10":0} Max tracks: 1
Week 0: 2026-07-26 to 2026-08-01 Assignments: {} Max tracks: 0
Week 1: 2026-08-02 to 2026-08-08 Assignments: {"db-7":0} Max tracks: 1
Week 2: 2026-08-09 to 2026-08-15 Assignments: {"db-7":0} Max tracks: 1
Week 3: 2026-08-16 to 2026-08-22 Assignments: {"pre-8":0,"db-8":0} Max tracks: 1
Week 4: 2026-08-23 to 2026-08-29 Assignments: {} Max tracks: 0
Week 5: 2026-08-30 to 2026-09-05 Assignments: {"pre-10":0} Max tracks: 1
Week 0: 2026-07-26 to 2026-08-01 Assignments: {} Max tracks: 0
Week 1: 2026-08-02 to 2026-08-08 Assignments: {"db-7":0} Max tracks: 1
Week 2: 2026-08-09 to 2026-08-15 Assignments: {"db-7":0} Max tracks: 1
Week 3: 2026-08-16 to 2026-08-22 Assignments: {"pre-8":0,"db-8":0} Max tracks: 1
Week 4: 2026-08-23 to 2026-08-29 Assignments: {} Max tracks: 0
Week 5: 2026-08-30 to 2026-09-05 Assignments: {"pre-10":0} Max tracks: 1
Week 0: 2026-07-26 to 2026-08-01 Assignments: {} Max tracks: 0
Week 1: 2026-08-02 to 2026-08-08 Assignments: {"db-7":0} Max tracks: 1
Week 2: 2026-08-09 to 2026-08-15 Assignments: {"db-7":0} Max tracks: 1
Week 3: 2026-08-16 to 2026-08-22 Assignments: {"pre-8":0,"db-8":0} Max tracks: 1
Week 4: 2026-08-23 to 2026-08-29 Assignments: {} Max tracks: 0
Week 5: 2026-08-30 to 2026-09-05 Assignments: {"pre-10":0} Max tracks: 1
Week 0: 2026-07-26 to 2026-08-01 Assignments: {} Max tracks: 0
Week 1: 2026-08-02 to 2026-08-08 Assignments: {"db-7":0} Max tracks: 1
Week 2: 2026-08-09 to 2026-08-15 Assignments: {"db-7":0} Max tracks: 1
Week 3: 2026-08-16 to 2026-08-22 Assignments: {"pre-8":0,"db-8":0} Max tracks: 1
Week 4: 2026-08-23 to 2026-08-29 Assignments: {} Max tracks: 0
Week 5: 2026-08-30 to 2026-09-05 Assignments: {"pre-10":0} Max tracks: 1
Week 0: 2026-07-26 to 2026-08-01 Assignments: {} Max tracks: 0
Week 1: 2026-08-02 to 2026-08-08 Assignments: {"db-7":0} Max tracks: 1
Week 2: 2026-08-09 to 2026-08-15 Assignments: {"db-7":0} Max tracks: 1
Week 3: 2026-08-16 to 2026-08-22 Assignments: {"pre-8":0,"db-8":0} Max tracks: 1
Week 4: 2026-08-23 to 2026-08-29 Assignments: {} Max tracks: 0
Week 5: 2026-08-30 to 2026-09-05 Assignments: {"pre-10":0} Max tracks: 1
Week 0: 2026-08-30 to 2026-09-05 Assignments: {"pre-10":0} Max tracks: 1
Week 1: 2026-09-06 to 2026-09-12 Assignments: {} Max tracks: 0
Week 2: 2026-09-13 to 2026-09-19 Assignments: {} Max tracks: 0
Week 3: 2026-09-20 to 2026-09-26 Assignments: {"pre-12":0} Max tracks: 1
Week 4: 2026-09-27 to 2026-10-03 Assignments: {"db-9":0} Max tracks: 1
Week 0: 2026-09-27 to 2026-10-03 Assignments: {"db-9":0} Max tracks: 1
Week 1: 2026-10-04 to 2026-10-10 Assignments: {"pre-15":0} Max tracks: 1
Week 2: 2026-10-11 to 2026-10-17 Assignments: {"pre-14":0,"pre-16":0} Max tracks: 1
Week 3: 2026-10-18 to 2026-10-24 Assignments: {} Max tracks: 0
Week 4: 2026-10-25 to 2026-10-31 Assignments: {"pre-17":0} Max tracks: 1
Week 0: 2026-11-01 to 2026-11-07 Assignments: {} Max tracks: 0
Week 1: 2026-11-08 to 2026-11-14 Assignments: {} Max tracks: 0
Week 2: 2026-11-15 to 2026-11-21 Assignments: {} Max tracks: 0
Week 3: 2026-11-22 to 2026-11-28 Assignments: {} Max tracks: 0
Week 4: 2026-11-29 to 2026-12-05 Assignments: {} Max tracks: 0
Week 0: 2026-07-26 to 2026-08-01 Assignments: {} Max tracks: 0
Week 1: 2026-08-02 to 2026-08-08 Assignments: {"db-7":0} Max tracks: 1
Week 2: 2026-08-09 to 2026-08-15 Assignments: {"db-7":0} Max tracks: 1
Week 3: 2026-08-16 to 2026-08-22 Assignments: {"pre-8":0,"db-8":0} Max tracks: 1
Week 4: 2026-08-23 to 2026-08-29 Assignments: {} Max tracks: 0
Week 5: 2026-08-30 to 2026-09-05 Assignments: {"pre-10":0} Max tracks: 1
Week 0: 2026-07-26 to 2026-08-01 Assignments: {} Max tracks: 0
Week 1: 2026-08-02 to 2026-08-08 Assignments: {"db-7":0} Max tracks: 1
Week 2: 2026-08-09 to 2026-08-15 Assignments: {"db-7":0} Max tracks: 1
Week 3: 2026-08-16 to 2026-08-22 Assignments: {"pre-8":0,"db-8":0} Max tracks: 1
Week 4: 2026-08-23 to 2026-08-29 Assignments: {} Max tracks: 0
Week 5: 2026-08-30 to 2026-09-05 Assignments: {"pre-10":0} Max tracks: 1
Week 0: 2026-07-26 to 2026-08-01 Assignments: {} Max tracks: 0
Week 1: 2026-08-02 to 2026-08-08 Assignments: {"db-7":0} Max tracks: 1
Week 2: 2026-08-09 to 2026-08-15 Assignments: {"db-7":0} Max tracks: 1
Week 3: 2026-08-16 to 2026-08-22 Assignments: {"pre-8":0,"db-8":0} Max tracks: 1
Week 4: 2026-08-23 to 2026-08-29 Assignments: {} Max tracks: 0
Week 5: 2026-08-30 to 2026-09-05 Assignments: {"pre-10":0} Max tracks: 1
Week 0: 2026-07-26 to 2026-08-01 Assignments: {} Max tracks: 0
Week 1: 2026-08-02 to 2026-08-08 Assignments: {"db-7":0} Max tracks: 1
Week 2: 2026-08-09 to 2026-08-15 Assignments: {"db-7":0} Max tracks: 1
Week 3: 2026-08-16 to 2026-08-22 Assignments: {"pre-8":0,"db-8":0} Max tracks: 1
Week 4: 2026-08-23 to 2026-08-29 Assignments: {} Max tracks: 0
Week 5: 2026-08-30 to 2026-09-05 Assignments: {"pre-10":0} Max tracks: 1
Week 0: 2026-07-26 to 2026-08-01 Assignments: {} Max tracks: 0
Week 1: 2026-08-02 to 2026-08-08 Assignments: {"db-7":0} Max tracks: 1
Week 2: 2026-08-09 to 2026-08-15 Assignments: {"db-7":0} Max tracks: 1
Week 3: 2026-08-16 to 2026-08-22 Assignments: {"pre-8":0,"db-8":0} Max tracks: 1
Week 4: 2026-08-23 to 2026-08-29 Assignments: {} Max tracks: 0
Week 5: 2026-08-30 to 2026-09-05 Assignments: {"pre-10":0} Max tracks: 1
Week 0: 2026-07-26 to 2026-08-01 Assignments: {} Max tracks: 0
Week 1: 2026-08-02 to 2026-08-08 Assignments: {"db-7":0} Max tracks: 1
Week 2: 2026-08-09 to 2026-08-15 Assignments: {"db-7":0} Max tracks: 1
Week 3: 2026-08-16 to 2026-08-22 Assignments: {"pre-8":0,"db-8":0} Max tracks: 1
Week 4: 2026-08-23 to 2026-08-29 Assignments: {} Max tracks: 0
Week 5: 2026-08-30 to 2026-09-05 Assignments: {"pre-10":0} Max tracks: 1
Week 0: 2026-07-26 to 2026-08-01 Assignments: {} Max tracks: 0
Week 1: 2026-08-02 to 2026-08-08 Assignments: {"db-7":0} Max tracks: 1
Week 2: 2026-08-09 to 2026-08-15 Assignments: {"db-7":0} Max tracks: 1
Week 3: 2026-08-16 to 2026-08-22 Assignments: {"pre-8":0,"db-8":0} Max tracks: 1
Week 4: 2026-08-23 to 2026-08-29 Assignments: {} Max tracks: 0
Week 5: 2026-08-30 to 2026-09-05 Assignments: {"pre-10":0} Max tracks: 1
Week 0: 2026-07-26 to 2026-08-01 Assignments: {} Max tracks: 0
Week 1: 2026-08-02 to 2026-08-08 Assignments: {"db-7":0} Max tracks: 1
Week 2: 2026-08-09 to 2026-08-15 Assignments: {"db-7":0} Max tracks: 1
Week 3: 2026-08-16 to 2026-08-22 Assignments: {"pre-8":0,"db-8":0} Max tracks: 1
Week 4: 2026-08-23 to 2026-08-29 Assignments: {} Max tracks: 0
Week 5: 2026-08-30 to 2026-09-05 Assignments: {"pre-10":0} Max tracks: 1
Week 0: 2026-07-26 to 2026-08-01 Assignments: {} Max tracks: 0
Week 1: 2026-08-02 to 2026-08-08 Assignments: {"db-7":0} Max tracks: 1
Week 2: 2026-08-09 to 2026-08-15 Assignments: {"db-7":0} Max tracks: 1
Week 3: 2026-08-16 to 2026-08-22 Assignments: {"pre-8":0,"db-8":0} Max tracks: 1
Week 4: 2026-08-23 to 2026-08-29 Assignments: {} Max tracks: 0
Week 5: 2026-08-30 to 2026-09-05 Assignments: {"pre-10":0} Max tracks: 1
Week 0: 2026-07-26 to 2026-08-01 Assignments: {} Max tracks: 0
Week 1: 2026-08-02 to 2026-08-08 Assignments: {"db-7":0} Max tracks: 1
Week 2: 2026-08-09 to 2026-08-15 Assignments: {"db-7":0} Max tracks: 1
Week 3: 2026-08-16 to 2026-08-22 Assignments: {"pre-8":0,"db-8":0} Max tracks: 1
Week 4: 2026-08-23 to 2026-08-29 Assignments: {} Max tracks: 0
Week 5: 2026-08-30 to 2026-09-05 Assignments: {"pre-10":0} Max tracks: 1
Week 0: 2026-07-26 to 2026-08-01 Assignments: {} Max tracks: 0
Week 1: 2026-08-02 to 2026-08-08 Assignments: {"db-7":0} Max tracks: 1
Week 2: 2026-08-09 to 2026-08-15 Assignments: {"db-7":0} Max tracks: 1
Week 3: 2026-08-16 to 2026-08-22 Assignments: {"pre-8":0,"db-8":0} Max tracks: 1
Week 4: 2026-08-23 to 2026-08-29 Assignments: {} Max tracks: 0
Week 5: 2026-08-30 to 2026-09-05 Assignments: {"pre-10":0} Max tracks: 1
Week 0: 2026-07-26 to 2026-08-01 Assignments: {} Max tracks: 0
Week 1: 2026-08-02 to 2026-08-08 Assignments: {"db-7":0} Max tracks: 1
Week 2: 2026-08-09 to 2026-08-15 Assignments: {"db-7":0} Max tracks: 1
Week 3: 2026-08-16 to 2026-08-22 Assignments: {"pre-8":0,"db-8":0} Max tracks: 1
Week 4: 2026-08-23 to 2026-08-29 Assignments: {} Max tracks: 0
Week 5: 2026-08-30 to 2026-09-05 Assignments: {"pre-10":0} Max tracks: 1
Week 0: 2026-07-26 to 2026-08-01 Assignments: {} Max tracks: 0
Week 1: 2026-08-02 to 2026-08-08 Assignments: {"db-7":0} Max tracks: 1
Week 2: 2026-08-09 to 2026-08-15 Assignments: {"db-7":0} Max tracks: 1
Week 3: 2026-08-16 to 2026-08-22 Assignments: {"pre-8":0,"db-8":0} Max tracks: 1
Week 4: 2026-08-23 to 2026-08-29 Assignments: {} Max tracks: 0
Week 5: 2026-08-30 to 2026-09-05 Assignments: {"pre-10":0} Max tracks: 1
Week 0: 2026-07-26 to 2026-08-01 Assignments: {} Max tracks: 0
Week 1: 2026-08-02 to 2026-08-08 Assignments: {"db-7":0} Max tracks: 1
Week 2: 2026-08-09 to 2026-08-15 Assignments: {"db-7":0} Max tracks: 1
Week 3: 2026-08-16 to 2026-08-22 Assignments: {"pre-8":0} Max tracks: 1
Week 4: 2026-08-23 to 2026-08-29 Assignments: {"db-8":0} Max tracks: 1
Week 5: 2026-08-30 to 2026-09-05 Assignments: {"db-8":0,"pre-10":0} Max tracks: 1
Week 0: 2026-07-26 to 2026-08-01 Assignments: {} Max tracks: 0
Week 1: 2026-08-02 to 2026-08-08 Assignments: {"db-7":0} Max tracks: 1
Week 2: 2026-08-09 to 2026-08-15 Assignments: {"db-7":0,"pre-8":0} Max tracks: 1
Week 3: 2026-08-16 to 2026-08-22 Assignments: {} Max tracks: 0
Week 4: 2026-08-23 to 2026-08-29 Assignments: {"db-8":0} Max tracks: 1
Week 5: 2026-08-30 to 2026-09-05 Assignments: {"db-8":0,"pre-10":0} Max tracks: 1
Week 0: 2026-07-26 to 2026-08-01 Assignments: {} Max tracks: 0
Week 1: 2026-08-02 to 2026-08-08 Assignments: {"db-7":0} Max tracks: 1
Week 2: 2026-08-09 to 2026-08-15 Assignments: {"db-7":0,"pre-8":0} Max tracks: 1
Week 3: 2026-08-16 to 2026-08-22 Assignments: {} Max tracks: 0
Week 4: 2026-08-23 to 2026-08-29 Assignments: {"db-8":0} Max tracks: 1
Week 5: 2026-08-30 to 2026-09-05 Assignments: {"db-8":0,"pre-10":0} Max tracks: 1
Week 0: 2026-07-26 to 2026-08-01 Assignments: {} Max tracks: 0
Week 1: 2026-08-02 to 2026-08-08 Assignments: {"db-7":0} Max tracks: 1
Week 2: 2026-08-09 to 2026-08-15 Assignments: {"db-7":0,"pre-8":0} Max tracks: 1
Week 3: 2026-08-16 to 2026-08-22 Assignments: {} Max tracks: 0
Week 4: 2026-08-23 to 2026-08-29 Assignments: {"db-8":0} Max tracks: 1
Week 5: 2026-08-30 to 2026-09-05 Assignments: {"db-8":0,"pre-10":0} Max tracks: 1
Week 0: 2026-07-26 to 2026-08-01 Assignments: {} Max tracks: 0
Week 1: 2026-08-02 to 2026-08-08 Assignments: {"db-7":0} Max tracks: 1
Week 2: 2026-08-09 to 2026-08-15 Assignments: {"db-7":0,"pre-8":0} Max tracks: 1
Week 3: 2026-08-16 to 2026-08-22 Assignments: {} Max tracks: 0
Week 4: 2026-08-23 to 2026-08-29 Assignments: {"db-8":0} Max tracks: 1
Week 5: 2026-08-30 to 2026-09-05 Assignments: {"db-8":0} Max tracks: 1
Week 0: 2026-08-30 to 2026-09-05 Assignments: {"db-8":0} Max tracks: 1
Week 1: 2026-09-06 to 2026-09-12 Assignments: {} Max tracks: 0
Week 2: 2026-09-13 to 2026-09-19 Assignments: {} Max tracks: 0
Week 3: 2026-09-20 to 2026-09-26 Assignments: {"pre-12":0} Max tracks: 1
Week 4: 2026-09-27 to 2026-10-03 Assignments: {"db-9":0} Max tracks: 1
Week 0: 2026-09-27 to 2026-10-03 Assignments: {"db-9":0} Max tracks: 1
Week 1: 2026-10-04 to 2026-10-10 Assignments: {"pre-15":0} Max tracks: 1
Week 2: 2026-10-11 to 2026-10-17 Assignments: {"pre-14":0,"pre-16":0} Max tracks: 1
Week 3: 2026-10-18 to 2026-10-24 Assignments: {} Max tracks: 0
Week 4: 2026-10-25 to 2026-10-31 Assignments: {"pre-17":0} Max tracks: 1
Week 0: 2026-08-30 to 2026-09-05 Assignments: {"db-8":0} Max tracks: 1
Week 1: 2026-09-06 to 2026-09-12 Assignments: {} Max tracks: 0
Week 2: 2026-09-13 to 2026-09-19 Assignments: {} Max tracks: 0
Week 3: 2026-09-20 to 2026-09-26 Assignments: {"pre-12":0} Max tracks: 1
Week 4: 2026-09-27 to 2026-10-03 Assignments: {"db-9":0} Max tracks: 1
Week 0: 2026-09-27 to 2026-10-03 Assignments: {"db-9":0} Max tracks: 1
Week 1: 2026-10-04 to 2026-10-10 Assignments: {"pre-15":0} Max tracks: 1
Week 2: 2026-10-11 to 2026-10-17 Assignments: {"pre-14":0,"pre-16":0} Max tracks: 1
Week 3: 2026-10-18 to 2026-10-24 Assignments: {} Max tracks: 0
Week 4: 2026-10-25 to 2026-10-31 Assignments: {"pre-17":0} Max tracks: 1
Week 0: 2026-09-27 to 2026-10-03 Assignments: {"db-9":0} Max tracks: 1
Week 1: 2026-10-04 to 2026-10-10 Assignments: {"pre-15":0} Max tracks: 1
Week 2: 2026-10-11 to 2026-10-17 Assignments: {"pre-14":0,"pre-16":0} Max tracks: 1
Week 3: 2026-10-18 to 2026-10-24 Assignments: {} Max tracks: 0
Week 4: 2026-10-25 to 2026-10-31 Assignments: {} Max tracks: 0
Week 0: 2026-09-27 to 2026-10-03 Assignments: {"db-9":0} Max tracks: 1
Week 1: 2026-10-04 to 2026-10-10 Assignments: {"pre-15":0} Max tracks: 1
Week 2: 2026-10-11 to 2026-10-17 Assignments: {"pre-14":0} Max tracks: 1
Week 3: 2026-10-18 to 2026-10-24 Assignments: {} Max tracks: 0
Week 4: 2026-10-25 to 2026-10-31 Assignments: {} Max tracks: 0
Week 0: 2026-09-27 to 2026-10-03 Assignments: {"db-9":0} Max tracks: 1
Week 1: 2026-10-04 to 2026-10-10 Assignments: {} Max tracks: 0
Week 2: 2026-10-11 to 2026-10-17 Assignments: {"pre-14":0} Max tracks: 1
Week 3: 2026-10-18 to 2026-10-24 Assignments: {} Max tracks: 0
Week 4: 2026-10-25 to 2026-10-31 Assignments: {} Max tracks: 0
Week 0: 2026-09-27 to 2026-10-03 Assignments: {"db-9":0} Max tracks: 1
Week 1: 2026-10-04 to 2026-10-10 Assignments: {} Max tracks: 0
Week 2: 2026-10-11 to 2026-10-17 Assignments: {"pre-14":0} Max tracks: 1
Week 3: 2026-10-18 to 2026-10-24 Assignments: {} Max tracks: 0
Week 4: 2026-10-25 to 2026-10-31 Assignments: {} Max tracks: 0
Week 0: 2026-09-27 to 2026-10-03 Assignments: {"db-9":0} Max tracks: 1
Week 1: 2026-10-04 to 2026-10-10 Assignments: {} Max tracks: 0
Week 2: 2026-10-11 to 2026-10-17 Assignments: {} Max tracks: 0
Week 3: 2026-10-18 to 2026-10-24 Assignments: {} Max tracks: 0
Week 4: 2026-10-25 to 2026-10-31 Assignments: {} Max tracks: 0
Week 0: 2026-07-26 to 2026-08-01 Assignments: {} Max tracks: 0
Week 1: 2026-08-02 to 2026-08-08 Assignments: {"db-7":0} Max tracks: 1
Week 2: 2026-08-09 to 2026-08-15 Assignments: {"db-7":0,"pre-8":0} Max tracks: 1
Week 3: 2026-08-16 to 2026-08-22 Assignments: {} Max tracks: 0
Week 4: 2026-08-23 to 2026-08-29 Assignments: {"db-8":0} Max tracks: 1
Week 5: 2026-08-30 to 2026-09-05 Assignments: {"db-8":0} Max tracks: 1
Week 0: 2026-07-26 to 2026-08-01 Assignments: {} Max tracks: 0
Week 1: 2026-08-02 to 2026-08-08 Assignments: {"db-7":0} Max tracks: 1
Week 2: 2026-08-09 to 2026-08-15 Assignments: {"db-7":0,"pre-8":0} Max tracks: 1
Week 3: 2026-08-16 to 2026-08-22 Assignments: {} Max tracks: 0
Week 4: 2026-08-23 to 2026-08-29 Assignments: {"db-8":0} Max tracks: 1
Week 5: 2026-08-30 to 2026-09-05 Assignments: {"db-8":0} Max tracks: 1
Week 0: 2026-07-26 to 2026-08-01 Assignments: {} Max tracks: 0
Week 1: 2026-08-02 to 2026-08-08 Assignments: {"db-7":0} Max tracks: 1
Week 2: 2026-08-09 to 2026-08-15 Assignments: {"db-7":0,"pre-8":0} Max tracks: 1
Week 3: 2026-08-16 to 2026-08-22 Assignments: {} Max tracks: 0
Week 4: 2026-08-23 to 2026-08-29 Assignments: {"db-8":0} Max tracks: 1
Week 5: 2026-08-30 to 2026-09-05 Assignments: {"db-8":0} Max tracks: 1
Week 0: 2026-07-26 to 2026-08-01 Assignments: {} Max tracks: 0
Week 1: 2026-08-02 to 2026-08-08 Assignments: {"db-7":0} Max tracks: 1
Week 2: 2026-08-09 to 2026-08-15 Assignments: {"db-7":0,"pre-8":0} Max tracks: 1
Week 3: 2026-08-16 to 2026-08-22 Assignments: {} Max tracks: 0
Week 4: 2026-08-23 to 2026-08-29 Assignments: {"db-8":0} Max tracks: 1
Week 5: 2026-08-30 to 2026-09-05 Assignments: {"db-8":0} Max tracks: 1
Week 0: 2026-07-26 to 2026-08-01 Assignments: {} Max tracks: 0
Week 1: 2026-08-02 to 2026-08-08 Assignments: {"db-7":0} Max tracks: 1
Week 2: 2026-08-09 to 2026-08-15 Assignments: {"db-7":0,"pre-8":0} Max tracks: 1
Week 3: 2026-08-16 to 2026-08-22 Assignments: {} Max tracks: 0
Week 4: 2026-08-23 to 2026-08-29 Assignments: {"db-8":0} Max tracks: 1
Week 5: 2026-08-30 to 2026-09-05 Assignments: {"db-8":0} Max tracks: 1
Week 0: 2026-07-26 to 2026-08-01 Assignments: {} Max tracks: 0
Week 1: 2026-08-02 to 2026-08-08 Assignments: {"db-7":0} Max tracks: 1
Week 2: 2026-08-09 to 2026-08-15 Assignments: {"db-7":0,"pre-8":0} Max tracks: 1
Week 3: 2026-08-16 to 2026-08-22 Assignments: {} Max tracks: 0
Week 4: 2026-08-23 to 2026-08-29 Assignments: {"db-8":0} Max tracks: 1
Week 5: 2026-08-30 to 2026-09-05 Assignments: {"db-8":0} Max tracks: 1
Week 0: 2026-07-26 to 2026-08-01 Assignments: {} Max tracks: 0
Week 1: 2026-08-02 to 2026-08-08 Assignments: {"db-7":0} Max tracks: 1
Week 2: 2026-08-09 to 2026-08-15 Assignments: {"db-7":0,"pre-8":0} Max tracks: 1
Week 3: 2026-08-16 to 2026-08-22 Assignments: {} Max tracks: 0
Week 4: 2026-08-23 to 2026-08-29 Assignments: {"db-8":0} Max tracks: 1
Week 5: 2026-08-30 to 2026-09-05 Assignments: {"db-8":0} Max tracks: 1
Week 0: 2026-07-26 to 2026-08-01 Assignments: {} Max tracks: 0
Week 1: 2026-08-02 to 2026-08-08 Assignments: {"db-7":0} Max tracks: 1
Week 2: 2026-08-09 to 2026-08-15 Assignments: {"db-7":0,"pre-8":0} Max tracks: 1
Week 3: 2026-08-16 to 2026-08-22 Assignments: {} Max tracks: 0
Week 4: 2026-08-23 to 2026-08-29 Assignments: {"db-8":0} Max tracks: 1
Week 5: 2026-08-30 to 2026-09-05 Assignments: {"db-8":0} Max tracks: 1
Week 0: 2026-07-26 to 2026-08-01 Assignments: {} Max tracks: 0
Week 1: 2026-08-02 to 2026-08-08 Assignments: {"db-7":0} Max tracks: 1
Week 2: 2026-08-09 to 2026-08-15 Assignments: {"db-7":0,"pre-8":0} Max tracks: 1
Week 3: 2026-08-16 to 2026-08-22 Assignments: {} Max tracks: 0
Week 4: 2026-08-23 to 2026-08-29 Assignments: {"db-8":0} Max tracks: 1
Week 5: 2026-08-30 to 2026-09-05 Assignments: {"db-8":0} Max tracks: 1
Week 0: 2026-07-26 to 2026-08-01 Assignments: {} Max tracks: 0
Week 1: 2026-08-02 to 2026-08-08 Assignments: {"db-7":0} Max tracks: 1
Week 2: 2026-08-09 to 2026-08-15 Assignments: {"db-7":0,"pre-8":0} Max tracks: 1
Week 3: 2026-08-16 to 2026-08-22 Assignments: {} Max tracks: 0
Week 4: 2026-08-23 to 2026-08-29 Assignments: {"db-8":0} Max tracks: 1
Week 5: 2026-08-30 to 2026-09-05 Assignments: {"db-8":0} Max tracks: 1
Week 0: 2026-08-30 to 2026-09-05 Assignments: {"db-8":0} Max tracks: 1
Week 1: 2026-09-06 to 2026-09-12 Assignments: {} Max tracks: 0
Week 2: 2026-09-13 to 2026-09-19 Assignments: {} Max tracks: 0
Week 3: 2026-09-20 to 2026-09-26 Assignments: {} Max tracks: 0
Week 4: 2026-09-27 to 2026-10-03 Assignments: {"db-9":0} Max tracks: 1
Week 0: 2026-09-27 to 2026-10-03 Assignments: {"db-9":0} Max tracks: 1
Week 1: 2026-10-04 to 2026-10-10 Assignments: {} Max tracks: 0
Week 2: 2026-10-11 to 2026-10-17 Assignments: {} Max tracks: 0
Week 3: 2026-10-18 to 2026-10-24 Assignments: {} Max tracks: 0
Week 4: 2026-10-25 to 2026-10-31 Assignments: {} Max tracks: 0
Week 0: 2026-07-26 to 2026-08-01 Assignments: {} Max tracks: 0
Week 1: 2026-08-02 to 2026-08-08 Assignments: {"db-7":0} Max tracks: 1
Week 2: 2026-08-09 to 2026-08-15 Assignments: {"db-7":0,"pre-8":0} Max tracks: 1
Week 3: 2026-08-16 to 2026-08-22 Assignments: {} Max tracks: 0
Week 4: 2026-08-23 to 2026-08-29 Assignments: {"db-8":0} Max tracks: 1
Week 5: 2026-08-30 to 2026-09-05 Assignments: {"db-8":0} Max tracks: 1
Week 0: 2026-07-26 to 2026-08-01 Assignments: {} Max tracks: 0
Week 1: 2026-08-02 to 2026-08-08 Assignments: {"db-7":0} Max tracks: 1
Week 2: 2026-08-09 to 2026-08-15 Assignments: {"db-7":0,"pre-8":0} Max tracks: 1
Week 3: 2026-08-16 to 2026-08-22 Assignments: {} Max tracks: 0
Week 4: 2026-08-23 to 2026-08-29 Assignments: {"db-8":0} Max tracks: 1
Week 5: 2026-08-30 to 2026-09-05 Assignments: {"db-8":0} Max tracks: 1
Week 0: 2026-07-26 to 2026-08-01 Assignments: {} Max tracks: 0
Week 1: 2026-08-02 to 2026-08-08 Assignments: {"db-7":0} Max tracks: 1
Week 2: 2026-08-09 to 2026-08-15 Assignments: {"db-7":0,"pre-8":0} Max tracks: 1
Week 3: 2026-08-16 to 2026-08-22 Assignments: {} Max tracks: 0
Week 4: 2026-08-23 to 2026-08-29 Assignments: {"db-8":0} Max tracks: 1
Week 5: 2026-08-30 to 2026-09-05 Assignments: {"db-8":0} Max tracks: 1
Week 0: 2026-07-26 to 2026-08-01 Assignments: {} Max tracks: 0
Week 1: 2026-08-02 to 2026-08-08 Assignments: {"db-7":0} Max tracks: 1
Week 2: 2026-08-09 to 2026-08-15 Assignments: {"db-7":0,"pre-8":0} Max tracks: 1
Week 3: 2026-08-16 to 2026-08-22 Assignments: {} Max tracks: 0
Week 4: 2026-08-23 to 2026-08-29 Assignments: {"db-8":0} Max tracks: 1
Week 5: 2026-08-30 to 2026-09-05 Assignments: {"db-8":0} Max tracks: 1
Week 0: 2026-07-26 to 2026-08-01 Assignments: {} Max tracks: 0
Week 1: 2026-08-02 to 2026-08-08 Assignments: {"db-7":0} Max tracks: 1
Week 2: 2026-08-09 to 2026-08-15 Assignments: {"db-7":0,"pre-8":0} Max tracks: 1
Week 3: 2026-08-16 to 2026-08-22 Assignments: {} Max tracks: 0
Week 4: 2026-08-23 to 2026-08-29 Assignments: {"db-8":0} Max tracks: 1
Week 5: 2026-08-30 to 2026-09-05 Assignments: {"db-8":0} Max tracks: 1
Week 0: 2026-07-26 to 2026-08-01 Assignments: {} Max tracks: 0
Week 1: 2026-08-02 to 2026-08-08 Assignments: {"db-7":0} Max tracks: 1
Week 2: 2026-08-09 to 2026-08-15 Assignments: {"db-7":0,"pre-8":0} Max tracks: 1
Week 3: 2026-08-16 to 2026-08-22 Assignments: {} Max tracks: 0
Week 4: 2026-08-23 to 2026-08-29 Assignments: {"db-8":0} Max tracks: 1
Week 5: 2026-08-30 to 2026-09-05 Assignments: {"db-8":0} Max tracks: 1
Week 0: 2026-07-26 to 2026-08-01 Assignments: {} Max tracks: 0
Week 1: 2026-08-02 to 2026-08-08 Assignments: {"db-7":0} Max tracks: 1
Week 2: 2026-08-09 to 2026-08-15 Assignments: {"db-7":0,"pre-8":0} Max tracks: 1
Week 3: 2026-08-16 to 2026-08-22 Assignments: {} Max tracks: 0
Week 4: 2026-08-23 to 2026-08-29 Assignments: {"db-8":0} Max tracks: 1
Week 5: 2026-08-30 to 2026-09-05 Assignments: {"db-8":0} Max tracks: 1
Week 0: 2026-07-26 to 2026-08-01 Assignments: {} Max tracks: 0
Week 1: 2026-08-02 to 2026-08-08 Assignments: {"db-7":0} Max tracks: 1
Week 2: 2026-08-09 to 2026-08-15 Assignments: {"db-7":0,"pre-8":0} Max tracks: 1
Week 3: 2026-08-16 to 2026-08-22 Assignments: {} Max tracks: 0
Week 4: 2026-08-23 to 2026-08-29 Assignments: {"db-8":0} Max tracks: 1
Week 5: 2026-08-30 to 2026-09-05 Assignments: {"db-8":0} Max tracks: 1
Week 0: 2026-07-26 to 2026-08-01 Assignments: {} Max tracks: 0
Week 1: 2026-08-02 to 2026-08-08 Assignments: {"db-7":0} Max tracks: 1
Week 2: 2026-08-09 to 2026-08-15 Assignments: {"db-7":0,"pre-8":0} Max tracks: 1
Week 3: 2026-08-16 to 2026-08-22 Assignments: {} Max tracks: 0
Week 4: 2026-08-23 to 2026-08-29 Assignments: {"db-8":0} Max tracks: 1
Week 5: 2026-08-30 to 2026-09-05 Assignments: {"db-8":0} Max tracks: 1
Week 0: 2026-07-26 to 2026-08-01 Assignments: {} Max tracks: 0
Week 1: 2026-08-02 to 2026-08-08 Assignments: {"db-7":0} Max tracks: 1
Week 2: 2026-08-09 to 2026-08-15 Assignments: {"db-7":0,"pre-8":0} Max tracks: 1
Week 3: 2026-08-16 to 2026-08-22 Assignments: {} Max tracks: 0
Week 4: 2026-08-23 to 2026-08-29 Assignments: {"db-8":0} Max tracks: 1
Week 5: 2026-08-30 to 2026-09-05 Assignments: {"db-8":0} Max tracks: 1
Week 0: 2026-07-26 to 2026-08-01 Assignments: {} Max tracks: 0
Week 1: 2026-08-02 to 2026-08-08 Assignments: {"db-7":0} Max tracks: 1
Week 2: 2026-08-09 to 2026-08-15 Assignments: {"db-7":0,"pre-8":0} Max tracks: 1
Week 3: 2026-08-16 to 2026-08-22 Assignments: {} Max tracks: 0
Week 4: 2026-08-23 to 2026-08-29 Assignments: {"db-8":0} Max tracks: 1
Week 5: 2026-08-30 to 2026-09-05 Assignments: {"db-8":0} Max tracks: 1
Week 0: 2026-07-26 to 2026-08-01 Assignments: {} Max tracks: 0
Week 1: 2026-08-02 to 2026-08-08 Assignments: {"db-7":0} Max tracks: 1
Week 2: 2026-08-09 to 2026-08-15 Assignments: {"db-7":0,"pre-8":0} Max tracks: 1
Week 3: 2026-08-16 to 2026-08-22 Assignments: {} Max tracks: 0
Week 4: 2026-08-23 to 2026-08-29 Assignments: {"db-8":0} Max tracks: 1
Week 5: 2026-08-30 to 2026-09-05 Assignments: {"db-8":0} Max tracks: 1
Week 0: 2026-07-26 to 2026-08-01 Assignments: {} Max tracks: 0
Week 1: 2026-08-02 to 2026-08-08 Assignments: {"db-7":0} Max tracks: 1
Week 2: 2026-08-09 to 2026-08-15 Assignments: {"db-7":0,"pre-8":0} Max tracks: 1
Week 3: 2026-08-16 to 2026-08-22 Assignments: {} Max tracks: 0
Week 4: 2026-08-23 to 2026-08-29 Assignments: {"db-8":0} Max tracks: 1
Week 5: 2026-08-30 to 2026-09-05 Assignments: {"db-8":0} Max tracks: 1
Week 0: 2026-07-26 to 2026-08-01 Assignments: {} Max tracks: 0
Week 1: 2026-08-02 to 2026-08-08 Assignments: {"db-7":0} Max tracks: 1
Week 2: 2026-08-09 to 2026-08-15 Assignments: {"db-7":0,"pre-8":0} Max tracks: 1
Week 3: 2026-08-16 to 2026-08-22 Assignments: {} Max tracks: 0
Week 4: 2026-08-23 to 2026-08-29 Assignments: {"db-8":0} Max tracks: 1
Week 5: 2026-08-30 to 2026-09-05 Assignments: {"db-8":0} Max tracks: 1
Week 0: 2026-07-26 to 2026-08-01 Assignments: {} Max tracks: 0
Week 1: 2026-08-02 to 2026-08-08 Assignments: {"db-7":0} Max tracks: 1
Week 2: 2026-08-09 to 2026-08-15 Assignments: {"db-7":0,"pre-8":0} Max tracks: 1
Week 3: 2026-08-16 to 2026-08-22 Assignments: {} Max tracks: 0
Week 4: 2026-08-23 to 2026-08-29 Assignments: {"db-8":0} Max tracks: 1
Week 5: 2026-08-30 to 2026-09-05 Assignments: {"db-8":0} Max tracks: 1
Week 0: 2026-07-26 to 2026-08-01 Assignments: {} Max tracks: 0
Week 1: 2026-08-02 to 2026-08-08 Assignments: {"db-7":0} Max tracks: 1
Week 2: 2026-08-09 to 2026-08-15 Assignments: {"db-7":0,"pre-8":0} Max tracks: 1
Week 3: 2026-08-16 to 2026-08-22 Assignments: {} Max tracks: 0
Week 4: 2026-08-23 to 2026-08-29 Assignments: {"db-8":0} Max tracks: 1
Week 5: 2026-08-30 to 2026-09-05 Assignments: {"db-8":0} Max tracks: 1
Week 0: 2026-07-26 to 2026-08-01 Assignments: {} Max tracks: 0
Week 1: 2026-08-02 to 2026-08-08 Assignments: {"db-7":0} Max tracks: 1
Week 2: 2026-08-09 to 2026-08-15 Assignments: {"db-7":0,"pre-8":0} Max tracks: 1
Week 3: 2026-08-16 to 2026-08-22 Assignments: {} Max tracks: 0
Week 4: 2026-08-23 to 2026-08-29 Assignments: {"db-8":0} Max tracks: 1
Week 5: 2026-08-30 to 2026-09-05 Assignments: {"db-8":0} Max tracks: 1
Week 0: 2026-07-26 to 2026-08-01 Assignments: {} Max tracks: 0
Week 1: 2026-08-02 to 2026-08-08 Assignments: {"db-7":0} Max tracks: 1
Week 2: 2026-08-09 to 2026-08-15 Assignments: {"db-7":0,"pre-8":0} Max tracks: 1
Week 3: 2026-08-16 to 2026-08-22 Assignments: {} Max tracks: 0
Week 4: 2026-08-23 to 2026-08-29 Assignments: {"db-8":0} Max tracks: 1
Week 5: 2026-08-30 to 2026-09-05 Assignments: {"db-8":0} Max tracks: 1
Week 0: 2026-07-26 to 2026-08-01 Assignments: {} Max tracks: 0
Week 1: 2026-08-02 to 2026-08-08 Assignments: {"db-7":0} Max tracks: 1
Week 2: 2026-08-09 to 2026-08-15 Assignments: {"db-7":0,"pre-8":0} Max tracks: 1
Week 3: 2026-08-16 to 2026-08-22 Assignments: {} Max tracks: 0
Week 4: 2026-08-23 to 2026-08-29 Assignments: {"db-8":0} Max tracks: 1
Week 5: 2026-08-30 to 2026-09-05 Assignments: {"db-8":0} Max tracks: 1
Week 0: 2026-07-26 to 2026-08-01 Assignments: {} Max tracks: 0
Week 1: 2026-08-02 to 2026-08-08 Assignments: {"db-7":0} Max tracks: 1
Week 2: 2026-08-09 to 2026-08-15 Assignments: {"db-7":0,"pre-8":0} Max tracks: 1
Week 3: 2026-08-16 to 2026-08-22 Assignments: {} Max tracks: 0
Week 4: 2026-08-23 to 2026-08-29 Assignments: {"db-8":0} Max tracks: 1
Week 5: 2026-08-30 to 2026-09-05 Assignments: {"db-8":0} Max tracks: 1
Week 0: 2026-07-26 to 2026-08-01 Assignments: {} Max tracks: 0
Week 1: 2026-08-02 to 2026-08-08 Assignments: {"db-7":0} Max tracks: 1
Week 2: 2026-08-09 to 2026-08-15 Assignments: {"db-7":0,"pre-8":0} Max tracks: 1
Week 3: 2026-08-16 to 2026-08-22 Assignments: {} Max tracks: 0
Week 4: 2026-08-23 to 2026-08-29 Assignments: {"db-8":0} Max tracks: 1
Week 5: 2026-08-30 to 2026-09-05 Assignments: {"db-8":0} Max tracks: 1
Week 0: 2026-07-26 to 2026-08-01 Assignments: {} Max tracks: 0
Week 1: 2026-08-02 to 2026-08-08 Assignments: {"db-7":0} Max tracks: 1
Week 2: 2026-08-09 to 2026-08-15 Assignments: {"db-7":0,"pre-8":0} Max tracks: 1
Week 3: 2026-08-16 to 2026-08-22 Assignments: {} Max tracks: 0
Week 4: 2026-08-23 to 2026-08-29 Assignments: {"db-8":0} Max tracks: 1
Week 5: 2026-08-30 to 2026-09-05 Assignments: {"db-8":0} Max tracks: 1
Week 0: 2026-07-26 to 2026-08-01 Assignments: {} Max tracks: 0
Week 1: 2026-08-02 to 2026-08-08 Assignments: {"db-7":0} Max tracks: 1
Week 2: 2026-08-09 to 2026-08-15 Assignments: {"db-7":0,"pre-8":0} Max tracks: 1
Week 3: 2026-08-16 to 2026-08-22 Assignments: {} Max tracks: 0
Week 4: 2026-08-23 to 2026-08-29 Assignments: {"db-8":0} Max tracks: 1
Week 5: 2026-08-30 to 2026-09-05 Assignments: {"db-8":0} Max tracks: 1
Week 0: 2026-07-26 to 2026-08-01 Assignments: {} Max tracks: 0
Week 1: 2026-08-02 to 2026-08-08 Assignments: {"db-7":0} Max tracks: 1
Week 2: 2026-08-09 to 2026-08-15 Assignments: {"db-7":0,"pre-8":0} Max tracks: 1
Week 3: 2026-08-16 to 2026-08-22 Assignments: {} Max tracks: 0
Week 4: 2026-08-23 to 2026-08-29 Assignments: {"db-8":0} Max tracks: 1
Week 5: 2026-08-30 to 2026-09-05 Assignments: {"db-8":0} Max tracks: 1
Week 0: 2026-07-26 to 2026-08-01 Assignments: {} Max tracks: 0
Week 1: 2026-08-02 to 2026-08-08 Assignments: {"db-7":0} Max tracks: 1
Week 2: 2026-08-09 to 2026-08-15 Assignments: {"db-7":0,"pre-8":0} Max tracks: 1
Week 3: 2026-08-16 to 2026-08-22 Assignments: {} Max tracks: 0
Week 4: 2026-08-23 to 2026-08-29 Assignments: {"db-8":0} Max tracks: 1
Week 5: 2026-08-30 to 2026-09-05 Assignments: {"db-8":0} Max tracks: 1
Week 0: 2026-07-26 to 2026-08-01 Assignments: {} Max tracks: 0
Week 1: 2026-08-02 to 2026-08-08 Assignments: {"db-7":0} Max tracks: 1
Week 2: 2026-08-09 to 2026-08-15 Assignments: {"db-7":0,"pre-8":0} Max tracks: 1
Week 3: 2026-08-16 to 2026-08-22 Assignments: {} Max tracks: 0
Week 4: 2026-08-23 to 2026-08-29 Assignments: {"db-8":0} Max tracks: 1
Week 5: 2026-08-30 to 2026-09-05 Assignments: {"db-8":0} Max tracks: 1
Week 0: 2026-07-26 to 2026-08-01 Assignments: {} Max tracks: 0
Week 1: 2026-08-02 to 2026-08-08 Assignments: {"db-7":0} Max tracks: 1
Week 2: 2026-08-09 to 2026-08-15 Assignments: {"db-7":0,"pre-8":0} Max tracks: 1
Week 3: 2026-08-16 to 2026-08-22 Assignments: {} Max tracks: 0
Week 4: 2026-08-23 to 2026-08-29 Assignments: {"db-8":0} Max tracks: 1
Week 5: 2026-08-30 to 2026-09-05 Assignments: {"db-8":0} Max tracks: 1
Week 0: 2026-07-26 to 2026-08-01 Assignments: {} Max tracks: 0
Week 1: 2026-08-02 to 2026-08-08 Assignments: {"db-7":0} Max tracks: 1
Week 2: 2026-08-09 to 2026-08-15 Assignments: {"db-7":0,"pre-8":0} Max tracks: 1
Week 3: 2026-08-16 to 2026-08-22 Assignments: {} Max tracks: 0
Week 4: 2026-08-23 to 2026-08-29 Assignments: {"db-8":0} Max tracks: 1
Week 5: 2026-08-30 to 2026-09-05 Assignments: {"db-8":0} Max tracks: 1
Week 0: 2026-06-28 to 2026-07-04 Assignments: {} Max tracks: 0
Week 1: 2026-07-05 to 2026-07-11 Assignments: {} Max tracks: 0
Week 2: 2026-07-12 to 2026-07-18 Assignments: {} Max tracks: 0
Week 3: 2026-07-19 to 2026-07-25 Assignments: {"pre-6":0} Max tracks: 1
Week 4: 2026-07-26 to 2026-08-01 Assignments: {} Max tracks: 0
Week 0: 2026-05-31 to 2026-06-06 Assignments: {} Max tracks: 0
Week 1: 2026-06-07 to 2026-06-13 Assignments: {} Max tracks: 0
Week 2: 2026-06-14 to 2026-06-20 Assignments: {"db-6":0} Max tracks: 1
Week 3: 2026-06-21 to 2026-06-27 Assignments: {} Max tracks: 0
Week 4: 2026-06-28 to 2026-07-04 Assignments: {} Max tracks: 0
Week 0: 2026-07-26 to 2026-08-01 Assignments: {} Max tracks: 0
Week 1: 2026-08-02 to 2026-08-08 Assignments: {"db-7":0} Max tracks: 1
Week 2: 2026-08-09 to 2026-08-15 Assignments: {"db-7":0,"pre-8":0} Max tracks: 1
Week 3: 2026-08-16 to 2026-08-22 Assignments: {} Max tracks: 0
Week 4: 2026-08-23 to 2026-08-29 Assignments: {"db-8":0} Max tracks: 1
Week 5: 2026-08-30 to 2026-09-05 Assignments: {"db-8":0} Max tracks: 1
Week 0: 2026-07-26 to 2026-08-01 Assignments: {} Max tracks: 0
Week 1: 2026-08-02 to 2026-08-08 Assignments: {"db-7":0} Max tracks: 1
Week 2: 2026-08-09 to 2026-08-15 Assignments: {"db-7":0,"pre-8":0} Max tracks: 1
Week 3: 2026-08-16 to 2026-08-22 Assignments: {} Max tracks: 0
Week 4: 2026-08-23 to 2026-08-29 Assignments: {"db-8":0} Max tracks: 1
Week 5: 2026-08-30 to 2026-09-05 Assignments: {"db-8":0} Max tracks: 1
Week 0: 2026-07-26 to 2026-08-01 Assignments: {} Max tracks: 0
Week 1: 2026-08-02 to 2026-08-08 Assignments: {"db-7":0} Max tracks: 1
Week 2: 2026-08-09 to 2026-08-15 Assignments: {"db-7":0,"pre-8":0} Max tracks: 1
Week 3: 2026-08-16 to 2026-08-22 Assignments: {} Max tracks: 0
Week 4: 2026-08-23 to 2026-08-29 Assignments: {"db-8":0} Max tracks: 1
Week 5: 2026-08-30 to 2026-09-05 Assignments: {"db-8":0} Max tracks: 1
Week 0: 2026-07-26 to 2026-08-01 Assignments: {} Max tracks: 0
Week 1: 2026-08-02 to 2026-08-08 Assignments: {"db-7":0} Max tracks: 1
Week 2: 2026-08-09 to 2026-08-15 Assignments: {"db-7":0,"pre-8":0} Max tracks: 1
Week 3: 2026-08-16 to 2026-08-22 Assignments: {} Max tracks: 0
Week 4: 2026-08-23 to 2026-08-29 Assignments: {"db-8":0} Max tracks: 1
Week 5: 2026-08-30 to 2026-09-05 Assignments: {"db-8":0} Max tracks: 1
Week 0: 2026-07-26 to 2026-08-01 Assignments: {} Max tracks: 0
Week 1: 2026-08-02 to 2026-08-08 Assignments: {"db-7":0} Max tracks: 1
Week 2: 2026-08-09 to 2026-08-15 Assignments: {"db-7":0,"pre-8":0} Max tracks: 1
Week 3: 2026-08-16 to 2026-08-22 Assignments: {} Max tracks: 0
Week 4: 2026-08-23 to 2026-08-29 Assignments: {"db-8":0} Max tracks: 1
Week 5: 2026-08-30 to 2026-09-05 Assignments: {"db-8":0} Max tracks: 1
Week 0: 2026-07-26 to 2026-08-01 Assignments: {} Max tracks: 0
Week 1: 2026-08-02 to 2026-08-08 Assignments: {"db-7":0} Max tracks: 1
Week 2: 2026-08-09 to 2026-08-15 Assignments: {"db-7":0,"pre-8":0} Max tracks: 1
Week 3: 2026-08-16 to 2026-08-22 Assignments: {} Max tracks: 0
Week 4: 2026-08-23 to 2026-08-29 Assignments: {"db-8":0} Max tracks: 1
Week 5: 2026-08-30 to 2026-09-05 Assignments: {"db-8":0} Max tracks: 1
Week 0: 2026-07-26 to 2026-08-01 Assignments: {} Max tracks: 0
Week 1: 2026-08-02 to 2026-08-08 Assignments: {"db-7":0} Max tracks: 1
Week 2: 2026-08-09 to 2026-08-15 Assignments: {"db-7":0,"pre-8":0} Max tracks: 1
Week 3: 2026-08-16 to 2026-08-22 Assignments: {} Max tracks: 0
Week 4: 2026-08-23 to 2026-08-29 Assignments: {"db-8":0} Max tracks: 1
Week 5: 2026-08-30 to 2026-09-05 Assignments: {"db-8":0} Max tracks: 1
Week 0: 2026-07-26 to 2026-08-01 Assignments: {} Max tracks: 0
Week 1: 2026-08-02 to 2026-08-08 Assignments: {"db-7":0} Max tracks: 1
Week 2: 2026-08-09 to 2026-08-15 Assignments: {"db-7":0,"pre-8":0} Max tracks: 1
Week 3: 2026-08-16 to 2026-08-22 Assignments: {} Max tracks: 0
Week 4: 2026-08-23 to 2026-08-29 Assignments: {"db-8":0} Max tracks: 1
Week 5: 2026-08-30 to 2026-09-05 Assignments: {"db-8":0} Max tracks: 1
Week 0: 2026-07-26 to 2026-08-01 Assignments: {} Max tracks: 0
Week 1: 2026-08-02 to 2026-08-08 Assignments: {"db-7":0} Max tracks: 1
Week 2: 2026-08-09 to 2026-08-15 Assignments: {"db-7":0,"pre-8":0} Max tracks: 1
Week 3: 2026-08-16 to 2026-08-22 Assignments: {} Max tracks: 0
Week 4: 2026-08-23 to 2026-08-29 Assignments: {"db-8":0} Max tracks: 1
Week 5: 2026-08-30 to 2026-09-05 Assignments: {"db-8":0} Max tracks: 1
Week 0: 2026-07-26 to 2026-08-01 Assignments: {} Max tracks: 0
Week 1: 2026-08-02 to 2026-08-08 Assignments: {"db-7":0} Max tracks: 1
Week 2: 2026-08-09 to 2026-08-15 Assignments: {"db-7":0,"pre-8":0} Max tracks: 1
Week 3: 2026-08-16 to 2026-08-22 Assignments: {} Max tracks: 0
Week 4: 2026-08-23 to 2026-08-29 Assignments: {"db-8":0} Max tracks: 1
Week 5: 2026-08-30 to 2026-09-05 Assignments: {"db-8":0} Max tracks: 1
Week 0: 2026-07-26 to 2026-08-01 Assignments: {} Max tracks: 0
Week 1: 2026-08-02 to 2026-08-08 Assignments: {"db-7":0} Max tracks: 1
Week 2: 2026-08-09 to 2026-08-15 Assignments: {"db-7":0,"pre-8":0} Max tracks: 1
Week 3: 2026-08-16 to 2026-08-22 Assignments: {} Max tracks: 0
Week 4: 2026-08-23 to 2026-08-29 Assignments: {"db-8":0} Max tracks: 1
Week 5: 2026-08-30 to 2026-09-05 Assignments: {"db-8":0} Max tracks: 1
Week 0: 2026-07-26 to 2026-08-01 Assignments: {} Max tracks: 0
Week 1: 2026-08-02 to 2026-08-08 Assignments: {"db-7":0} Max tracks: 1
Week 2: 2026-08-09 to 2026-08-15 Assignments: {"db-7":0,"pre-8":0} Max tracks: 1
Week 3: 2026-08-16 to 2026-08-22 Assignments: {} Max tracks: 0
Week 4: 2026-08-23 to 2026-08-29 Assignments: {"db-8":0} Max tracks: 1
Week 5: 2026-08-30 to 2026-09-05 Assignments: {"db-8":0} Max tracks: 1
Week 0: 2026-07-26 to 2026-08-01 Assignments: {} Max tracks: 0
Week 1: 2026-08-02 to 2026-08-08 Assignments: {"db-7":0} Max tracks: 1
Week 2: 2026-08-09 to 2026-08-15 Assignments: {"db-7":0,"pre-8":0} Max tracks: 1
Week 3: 2026-08-16 to 2026-08-22 Assignments: {} Max tracks: 0
Week 4: 2026-08-23 to 2026-08-29 Assignments: {"db-8":0} Max tracks: 1
Week 5: 2026-08-30 to 2026-09-05 Assignments: {"db-8":0} Max tracks: 1
Week 0: 2026-07-26 to 2026-08-01 Assignments: {} Max tracks: 0
Week 1: 2026-08-02 to 2026-08-08 Assignments: {"db-7":0} Max tracks: 1
Week 2: 2026-08-09 to 2026-08-15 Assignments: {"db-7":0,"pre-8":0} Max tracks: 1
Week 3: 2026-08-16 to 2026-08-22 Assignments: {} Max tracks: 0
Week 4: 2026-08-23 to 2026-08-29 Assignments: {"db-8":0} Max tracks: 1
Week 5: 2026-08-30 to 2026-09-05 Assignments: {"db-8":0} Max tracks: 1
Week 0: 2026-07-26 to 2026-08-01 Assignments: {} Max tracks: 0
Week 1: 2026-08-02 to 2026-08-08 Assignments: {"db-7":0} Max tracks: 1
Week 2: 2026-08-09 to 2026-08-15 Assignments: {"db-7":0,"pre-8":0} Max tracks: 1
Week 3: 2026-08-16 to 2026-08-22 Assignments: {} Max tracks: 0
Week 4: 2026-08-23 to 2026-08-29 Assignments: {"db-8":0} Max tracks: 1
Week 5: 2026-08-30 to 2026-09-05 Assignments: {"db-8":0} Max tracks: 1
Week 0: 2026-07-26 to 2026-08-01 Assignments: {} Max tracks: 0
Week 1: 2026-08-02 to 2026-08-08 Assignments: {"db-7":0} Max tracks: 1
Week 2: 2026-08-09 to 2026-08-15 Assignments: {"db-7":0} Max tracks: 1
Week 3: 2026-08-16 to 2026-08-22 Assignments: {} Max tracks: 0
Week 4: 2026-08-23 to 2026-08-29 Assignments: {"db-8":0} Max tracks: 1
Week 5: 2026-08-30 to 2026-09-05 Assignments: {"db-8":0} Max tracks: 1
Week 0: 2026-07-26 to 2026-08-01 Assignments: {} Max tracks: 0
Week 1: 2026-08-02 to 2026-08-08 Assignments: {"db-7":0} Max tracks: 1
Week 2: 2026-08-09 to 2026-08-15 Assignments: {"db-7":0} Max tracks: 1
Week 3: 2026-08-16 to 2026-08-22 Assignments: {} Max tracks: 0
Week 4: 2026-08-23 to 2026-08-29 Assignments: {"db-8":0} Max tracks: 1
Week 5: 2026-08-30 to 2026-09-05 Assignments: {"db-8":0} Max tracks: 1
Week 0: 2026-07-26 to 2026-08-01 Assignments: {} Max tracks: 0
Week 1: 2026-08-02 to 2026-08-08 Assignments: {"db-7":0} Max tracks: 1
Week 2: 2026-08-09 to 2026-08-15 Assignments: {"db-7":0} Max tracks: 1
Week 3: 2026-08-16 to 2026-08-22 Assignments: {} Max tracks: 0
Week 4: 2026-08-23 to 2026-08-29 Assignments: {"db-8":0} Max tracks: 1
Week 5: 2026-08-30 to 2026-09-05 Assignments: {"db-8":0} Max tracks: 1
Week 0: 2026-07-26 to 2026-08-01 Assignments: {} Max tracks: 0
Week 1: 2026-08-02 to 2026-08-08 Assignments: {"db-7":0} Max tracks: 1
Week 2: 2026-08-09 to 2026-08-15 Assignments: {"db-7":0} Max tracks: 1
Week 3: 2026-08-16 to 2026-08-22 Assignments: {} Max tracks: 0
Week 4: 2026-08-23 to 2026-08-29 Assignments: {"db-8":0} Max tracks: 1
Week 5: 2026-08-30 to 2026-09-05 Assignments: {"db-8":0} Max tracks: 1
Week 0: 2026-07-26 to 2026-08-01 Assignments: {} Max tracks: 0
Week 1: 2026-08-02 to 2026-08-08 Assignments: {"db-7":0} Max tracks: 1
Week 2: 2026-08-09 to 2026-08-15 Assignments: {"db-7":0} Max tracks: 1
Week 3: 2026-08-16 to 2026-08-22 Assignments: {} Max tracks: 0
Week 4: 2026-08-23 to 2026-08-29 Assignments: {"db-8":0} Max tracks: 1
Week 5: 2026-08-30 to 2026-09-05 Assignments: {"db-8":0} Max tracks: 1
Week 0: 2026-07-26 to 2026-08-01 Assignments: {} Max tracks: 0
Week 1: 2026-08-02 to 2026-08-08 Assignments: {"db-7":0} Max tracks: 1
Week 2: 2026-08-09 to 2026-08-15 Assignments: {"db-7":0} Max tracks: 1
Week 3: 2026-08-16 to 2026-08-22 Assignments: {} Max tracks: 0
Week 4: 2026-08-23 to 2026-08-29 Assignments: {"db-8":0} Max tracks: 1
Week 5: 2026-08-30 to 2026-09-05 Assignments: {"db-8":0} Max tracks: 1
Week 0: 2026-07-26 to 2026-08-01 Assignments: {} Max tracks: 0
Week 1: 2026-08-02 to 2026-08-08 Assignments: {"db-7":0} Max tracks: 1
Week 2: 2026-08-09 to 2026-08-15 Assignments: {"db-7":0} Max tracks: 1
Week 3: 2026-08-16 to 2026-08-22 Assignments: {} Max tracks: 0
Week 4: 2026-08-23 to 2026-08-29 Assignments: {"db-8":0} Max tracks: 1
Week 5: 2026-08-30 to 2026-09-05 Assignments: {"db-8":0} Max tracks: 1
Week 0: 2026-07-26 to 2026-08-01 Assignments: {} Max tracks: 0
Week 1: 2026-08-02 to 2026-08-08 Assignments: {"db-7":0} Max tracks: 1
Week 2: 2026-08-09 to 2026-08-15 Assignments: {"db-7":0} Max tracks: 1
Week 3: 2026-08-16 to 2026-08-22 Assignments: {} Max tracks: 0
Week 4: 2026-08-23 to 2026-08-29 Assignments: {"db-8":0} Max tracks: 1
Week 5: 2026-08-30 to 2026-09-05 Assignments: {"db-8":0} Max tracks: 1
Week 0: 2026-07-26 to 2026-08-01 Assignments: {} Max tracks: 0
Week 1: 2026-08-02 to 2026-08-08 Assignments: {"db-7":0} Max tracks: 1
Week 2: 2026-08-09 to 2026-08-15 Assignments: {"db-7":0} Max tracks: 1
Week 3: 2026-08-16 to 2026-08-22 Assignments: {} Max tracks: 0
Week 4: 2026-08-23 to 2026-08-29 Assignments: {"db-8":0} Max tracks: 1
Week 5: 2026-08-30 to 2026-09-05 Assignments: {"db-8":0} Max tracks: 1
